Component: ARM Compiler 5.06 update 6 (build 750) Tool: armlink [4d35ed]

==============================================================================

Section Cross References

    startup_stm32f103xb.o(STACK) refers (Special) to heapauxi.o(.text) for __use_two_region_memory
    startup_stm32f103xb.o(HEAP) refers (Special) to heapauxi.o(.text) for __use_two_region_memory
    startup_stm32f103xb.o(RESET) refers (Special) to heapauxi.o(.text) for __use_two_region_memory
    startup_stm32f103xb.o(RESET) refers to startup_stm32f103xb.o(STACK) for __initial_sp
    startup_stm32f103xb.o(RESET) refers to startup_stm32f103xb.o(.text) for Reset_Handler
    startup_stm32f103xb.o(RESET) refers to stm32f1xx_it.o(i.NMI_Handler) for NMI_Handler
    startup_stm32f103xb.o(RESET) refers to stm32f1xx_it.o(i.HardFault_Handler) for HardFault_Handler
    startup_stm32f103xb.o(RESET) refers to stm32f1xx_it.o(i.MemManage_Handler) for MemManage_Handler
    startup_stm32f103xb.o(RESET) refers to stm32f1xx_it.o(i.BusFault_Handler) for BusFault_Handler
    startup_stm32f103xb.o(RESET) refers to stm32f1xx_it.o(i.UsageFault_Handler) for UsageFault_Handler
    startup_stm32f103xb.o(RESET) refers to stm32f1xx_it.o(i.SVC_Handler) for SVC_Handler
    startup_stm32f103xb.o(RESET) refers to stm32f1xx_it.o(i.DebugMon_Handler) for DebugMon_Handler
    startup_stm32f103xb.o(RESET) refers to stm32f1xx_it.o(i.PendSV_Handler) for PendSV_Handler
    startup_stm32f103xb.o(RESET) refers to stm32f1xx_it.o(i.SysTick_Handler) for SysTick_Handler
    startup_stm32f103xb.o(RESET) refers to stm32f1xx_it.o(i.EXTI9_5_IRQHandler) for EXTI9_5_IRQHandler
    startup_stm32f103xb.o(RESET) refers to stm32f1xx_it.o(i.TIM1_UP_IRQHandler) for TIM1_UP_IRQHandler
    startup_stm32f103xb.o(RESET) refers to main.o(i.TIM3_IRQHandler) for TIM3_IRQHandler
    startup_stm32f103xb.o(RESET) refers to stm32f1xx_it.o(i.EXTI15_10_IRQHandler) for EXTI15_10_IRQHandler
    startup_stm32f103xb.o(.text) refers (Special) to heapauxi.o(.text) for __use_two_region_memory
    startup_stm32f103xb.o(.text) refers to system_stm32f1xx.o(i.SystemInit) for SystemInit
    startup_stm32f103xb.o(.text) refers to __main.o(!!!main) for __main
    startup_stm32f103xb.o(.text) refers to startup_stm32f103xb.o(HEAP) for Heap_Mem
    startup_stm32f103xb.o(.text) refers to startup_stm32f103xb.o(STACK) for Stack_Mem
    i2c-lcd.o(i.lcd_clear) refers to i2c-lcd.o(i.lcd_send_cmd) for lcd_send_cmd
    i2c-lcd.o(i.lcd_clear) refers to i2c-lcd.o(i.lcd_send_data) for lcd_send_data
    i2c-lcd.o(i.lcd_init) refers to stm32f1xx_hal.o(i.HAL_Delay) for HAL_Delay
    i2c-lcd.o(i.lcd_init) refers to i2c-lcd.o(i.lcd_send_cmd) for lcd_send_cmd
    i2c-lcd.o(i.lcd_put_cur) refers to i2c-lcd.o(i.lcd_send_cmd) for lcd_send_cmd
    i2c-lcd.o(i.lcd_send_cmd) refers to stm32f1xx_hal_i2c.o(i.HAL_I2C_Master_Transmit) for HAL_I2C_Master_Transmit
    i2c-lcd.o(i.lcd_send_cmd) refers to main.o(.bss) for hi2c1
    i2c-lcd.o(i.lcd_send_data) refers to stm32f1xx_hal_i2c.o(i.HAL_I2C_Master_Transmit) for HAL_I2C_Master_Transmit
    i2c-lcd.o(i.lcd_send_data) refers to main.o(.bss) for hi2c1
    i2c-lcd.o(i.lcd_send_string) refers to i2c-lcd.o(i.lcd_send_data) for lcd_send_data
    main.o(i.DHT22) refers to main.o(i.DHT22_Start) for DHT22_Start
    main.o(i.DHT22) refers to main.o(i.DHT22_Read) for DHT22_Read
    main.o(i.DHT22) refers to fflt_clz.o(x$fpl$ffltu) for __aeabi_ui2f
    main.o(i.DHT22) refers to fdiv.o(x$fpl$fdiv) for __aeabi_fdiv
    main.o(i.DHT22) refers to main.o(.data) for .data
    main.o(i.DHT22_Read) refers to stm32f1xx_hal.o(i.HAL_GetTick) for HAL_GetTick
    main.o(i.DHT22_Read) refers to stm32f1xx_hal_gpio.o(i.HAL_GPIO_ReadPin) for HAL_GPIO_ReadPin
    main.o(i.DHT22_Read) refers to main.o(i.microDelay) for microDelay
    main.o(i.DHT22_Read) refers to main.o(.data) for .data
    main.o(i.DHT22_Start) refers to stm32f1xx_hal_gpio.o(i.HAL_GPIO_Init) for HAL_GPIO_Init
    main.o(i.DHT22_Start) refers to stm32f1xx_hal_gpio.o(i.HAL_GPIO_WritePin) for HAL_GPIO_WritePin
    main.o(i.DHT22_Start) refers to main.o(i.microDelay) for microDelay
    main.o(i.DHT22_Start) refers to stm32f1xx_hal_gpio.o(i.HAL_GPIO_ReadPin) for HAL_GPIO_ReadPin
    main.o(i.DHT22_Start) refers to stm32f1xx_hal.o(i.HAL_GetTick) for HAL_GetTick
    main.o(i.DHT22_Start) refers to main.o(.data) for .data
    main.o(i.HAL_GPIO_EXTI_Callback) refers to stm32f1xx_hal.o(i.HAL_GetTick) for HAL_GetTick
    main.o(i.HAL_GPIO_EXTI_Callback) refers to faddsub_clz.o(x$fpl$fsub) for __aeabi_fsub
    main.o(i.HAL_GPIO_EXTI_Callback) refers to faddsub_clz.o(x$fpl$fadd) for __aeabi_fadd
    main.o(i.HAL_GPIO_EXTI_Callback) refers to main.o(.data) for .data
    main.o(i.MX_GPIO_Init) refers to stm32f1xx_hal_gpio.o(i.HAL_GPIO_Init) for HAL_GPIO_Init
    main.o(i.MX_GPIO_Init) refers to stm32f1xx_hal_cortex.o(i.HAL_NVIC_SetPriority) for HAL_NVIC_SetPriority
[...]
    ../clib/longlong.s                       0x00000000   Number         0  lludiv10.o ABSOLUTE
    ../clib/longlong.s                       0x00000000   Number         0  llushr.o ABSOLUTE
    ../clib/memcpset.s                       0x00000000   Number         0  strcmpv7m.o ABSOLUTE
    ../clib/memcpset.s                       0x00000000   Number         0  rt_memclr_w.o ABSOLUTE
    ../clib/misc.s                           0x00000000   Number         0  printf_stubs.o ABSOLUTE
    ../clib/printf.c                         0x00000000   Number         0  _sputc.o ABSOLUTE
    ../clib/printf.c                         0x00000000   Number         0  __printf_flags_ss.o ABSOLUTE
    ../clib/printf.c                         0x00000000   Number         0  __printf_ss.o ABSOLUTE
    ../clib/printf.c                         0x00000000   Number         0  __printf_flags.o ABSOLUTE
    ../clib/printf.c                         0x00000000   Number         0  __printf.o ABSOLUTE
    ../clib/printf.c                         0x00000000   Number         0  noretval__2sprintf.o ABSOLUTE
    ../clib/printf.c                         0x00000000   Number         0  __2sprintf.o ABSOLUTE
    ../clib/printf.c                         0x00000000   Number         0  __printf_nopercent.o ABSOLUTE
    ../clib/printf.c                         0x00000000   Number         0  __printf_flags_ss_wp.o ABSOLUTE
    ../clib/printf.c                         0x00000000   Number         0  __printf_ss_wp.o ABSOLUTE
    ../clib/printf.c                         0x00000000   Number         0  __printf_flags_wp.o ABSOLUTE
    ../clib/printf.c                         0x00000000   Number         0  _printf_fp_infnan.o ABSOLUTE
    ../clib/printf.c                         0x00000000   Number         0  __printf_wp.o ABSOLUTE
    ../clib/printf.c                         0x00000000   Number         0  _printf_fp_dec.o ABSOLUTE
    ../clib/printf.c                         0x00000000   Number         0  _printf_char_common.o ABSOLUTE
    ../clib/printf_percent.s                 0x00000000   Number         0  _printf_percent.o ABSOLUTE
    ../clib/printf_percent.s                 0x00000000   Number         0  _printf_f.o ABSOLUTE
    ../clib/printf_percent.s                 0x00000000   Number         0  _printf_percent_end.o ABSOLUTE
    ../clib/signal.c                         0x00000000   Number         0  defsig_rtmem_formal.o ABSOLUTE
    ../clib/signal.c                         0x00000000   Number         0  defsig_cppl_inner.o ABSOLUTE
    ../clib/signal.c                         0x00000000   Number         0  defsig_stak_inner.o ABSOLUTE
    ../clib/signal.c                         0x00000000   Number         0  defsig_rtmem_outer.o ABSOLUTE
    ../clib/signal.c                         0x00000000   Number         0  defsig_rtred_inner.o ABSOLUTE
    ../clib/signal.c                         0x00000000   Number         0  defsig_fpe_inner.o ABSOLUTE
    ../clib/signal.c                         0x00000000   Number         0  defsig_pvfn_inner.o ABSOLUTE
    ../clib/signal.c                         0x00000000   Number         0  defsig_abrt_inner.o ABSOLUTE
    ../clib/signal.c                         0x00000000   Number         0  defsig_general.o ABSOLUTE
    ../clib/signal.c                         0x00000000   Number         0  __raise.o ABSOLUTE
    ../clib/signal.c                         0x00000000   Number         0  defsig_rtmem_inner.o ABSOLUTE
    ../clib/signal.c                         0x00000000   Number         0  defsig_exit.o ABSOLUTE
    ../clib/signal.c                         0x00000000   Number         0  defsig_other.o ABSOLUTE
    ../clib/signal.c                         0x00000000   Number         0  defsig_segv_inner.o ABSOLUTE
    ../clib/signal.s                         0x00000000   Number         0  defsig.o ABSOLUTE
    ../clib/stdlib.c                         0x00000000   Number         0  exit.o ABSOLUTE
    ../fplib/dretinf.s                       0x00000000   Number         0  dretinf.o ABSOLUTE
    ../fplib/f2d.s                           0x00000000   Number         0  f2d.o ABSOLUTE
    ../fplib/faddsub.s                       0x00000000   Number         0  faddsub_clz.o ABSOLUTE
    ../fplib/fdiv.s                          0x00000000   Number         0  fdiv.o ABSOLUTE
    ../fplib/ffix.s                          0x00000000   Number         0  ffix.o ABSOLUTE
    ../fplib/fflt.s                          0x00000000   Number         0  fflt_clz.o ABSOLUTE
    ../fplib/fmul.s                          0x00000000   Number         0  fmul.o ABSOLUTE
    ../fplib/fnaninf.s                       0x00000000   Number         0  fnaninf.o ABSOLUTE
    ../fplib/fpinit.s                        0x00000000   Number         0  fpinit.o ABSOLUTE
    ../fplib/fretinf.s                       0x00000000   Number         0  fretinf.o ABSOLUTE
    ../fplib/istatus.s                       0x00000000   Number         0  istatus.o ABSOLUTE
    ../fplib/printf1.s                       0x00000000   Number         0  printf1.o ABSOLUTE
    ../fplib/usenofp.s                       0x00000000   Number         0  usenofp.o ABSOLUTE
    ../mathlib/fpclassify.c                  0x00000000   Number         0  fpclassify.o ABSOLUTE
    ..\Core\Src\i2c-lcd.c                    0x00000000   Number         0  i2c-lcd.o ABSOLUTE
    ..\Core\Src\main.c                       0x00000000   Number         0  main.o ABSOLUTE
    ..\Core\Src\stm32f1xx_hal_msp.c          0x00000000   Number         0  stm32f1xx_hal_msp.o ABSOLUTE
    ..\Core\Src\stm32f1xx_it.c               0x00000000   Number         0  stm32f1xx_it.o ABSOLUTE
    ..\Core\Src\system_stm32f1xx.c           0x00000000   Number         0  system_stm32f1xx.o ABSOLUTE
    ..\Drivers\STM32F1xx_HAL_Driver\Src\stm32f1xx_hal.c 0x00000000   Number         0  stm32f1xx_hal.o ABSOLUTE
    ..\Drivers\STM32F1xx_HAL_Driver\Src\stm32f1xx_hal_cortex.c 0x00000000   Number         0  stm32f1xx_hal_cortex.o ABSOLUTE
    ..\Drivers\STM32F1xx_HAL_Driver\Src\stm32f1xx_hal_dma.c 0x00000000   Number         0  stm32f1xx_hal_dma.o ABSOLUTE
    ..\Drivers\STM32F1xx_HAL_Driver\Src\stm32f1xx_hal_exti.c 0x00000000   Number         0  stm32f1xx_hal_exti.o ABSOLUTE
    ..\Drivers\STM32F1xx_HAL_Driver\Src\stm32f1xx_hal_flash.c 0x00000000   Number         0  stm32f1xx_hal_flash.o ABSOLUTE
    ..\Drivers\STM32F1xx_HAL_Driver\Src\stm32f1xx_hal_flash_ex.c 0x00000000   Number         0  stm32f1xx_hal_flash_ex.o ABSOLUTE
    ..\Drivers\STM32F1xx_HAL_Driver\Src\stm32f1xx_hal_gpio.c 0x00000000   Number         0  stm32f1xx_hal_gpio.o ABSOLUTE
    ..\Drivers\STM32F1xx_HAL_Driver\Src\stm32f1xx_hal_gpio_ex.c 0x00000000   Number         0  stm32f1xx_hal_gpio_ex.o ABSOLUTE
    ..\Drivers\STM32F1xx_HAL_Driver\Src\stm32f1xx_hal_i2c.c 0x00000000   Number         0  stm32f1xx_hal_i2c.o ABSOLUTE
    ..\Drivers\STM32F1xx_HAL_Driver\Src\stm32f1xx_hal_pwr.c 0x00000000   Number         0  stm32f1xx_hal_pwr.o ABSOLUTE
    ..\Drivers\STM32F1xx_HAL_Driver\Src\stm32f1xx_hal_rcc.c 0x00000000   Number         0  stm32f1xx_hal_rcc.o ABSOLUTE
    ..\Drivers\STM32F1xx_HAL_Driver\Src\stm32f1xx_hal_rcc_ex.c 0x00000000   Number         0  stm32f1xx_hal_rcc_ex.o ABSOLUTE
    ..\Drivers\STM32F1xx_HAL_Driver\Src\stm32f1xx_hal_tim.c 0x00000000   Number         0  stm32f1xx_hal_tim.o ABSOLUTE
    ..\Drivers\STM32F1xx_HAL_Driver\Src\stm32f1xx_hal_tim_ex.c 0x00000000   Number         0  stm32f1xx_hal_tim_ex.o ABSOLUTE
    ..\\Core\\Src\\i2c-lcd.c                 0x00000000   Number         0  i2c-lcd.o ABSOLUTE
    dc.s                                     0x00000000   Number         0  dc.o ABSOLUTE
    startup_stm32f103xb.s                    0x00000000   Number         0  startup_stm32f103xb.o ABSOLUTE
    RESET                                    0x08000000   Section      236  startup_stm32f103xb.o(RESET)
    !!!main                                  0x080000ec   Section        8  __main.o(!!!main)
    !!!scatter                               0x080000f4   Section       52  __scatter.o(!!!scatter)
    !!handler_copy                           0x08000128   Section       26  __scatter_copy.o(!!handler_copy)
    !!handler_zi                             0x08000144   Section       28  __scatter_zi.o(!!handler_zi)
    .ARM.Collect$$_printf_percent$$00000000  0x08000160   Section        0  _printf_percent.o(.ARM.Collect$$_printf_percent$$00000000)
    .ARM.Collect$$_printf_percent$$00000003  0x08000160   Section        6  _printf_f.o(.ARM.Collect$$_printf_percent$$00000003)
    .ARM.Collect$$_printf_percent$$00000017  0x08000166   Section        4  _printf_percent_end.o(.ARM.Collect$$_printf_percent$$00000017)
    .ARM.Collect$$libinit$$00000000          0x0800016a   Section        2  libinit.o(.ARM.Collect$$libinit$$00000000)
    .ARM.Collect$$libinit$$00000002          0x0800016c   Section        0  libinit2.o(.ARM.Collect$$libinit$$00000002)
    .ARM.Collect$$libinit$$00000004          0x0800016c   Section        0  libinit2.o(.ARM.Collect$$libinit$$00000004)
    .ARM.Collect$$libinit$$0000000A          0x0800016c   Section        0  libinit2.o(.ARM.Collect$$libinit$$0000000A)
    .ARM.Collect$$libinit$$0000000C          0x0800016c   Section        0  libinit2.o(.ARM.Collect$$libinit$$0000000C)
    .ARM.Collect$$libinit$$0000000E          0x0800016c   Section        0  libinit2.o(.ARM.Collect$$libinit$$0000000E)
    .ARM.Collect$$libinit$$0000000F          0x0800016c   Section        6  libinit2.o(.ARM.Collect$$libinit$$0000000F)
    .ARM.Collect$$libinit$$00000011          0x08000172   Section        0  libinit2.o(.ARM.Collect$$libinit$$00000011)
    .ARM.Collect$$libinit$$00000013          0x08000172   Section        0  libinit2.o(.ARM.Collect$$libinit$$00000013)
    .ARM.Collect$$libinit$$00000015          0x08000172   Section        0  libinit2.o(.ARM.Collect$$libinit$$00000015)
    .ARM.Collect$$libinit$$00000016          0x08000172   Section       10  libinit2.o(.ARM.Collect$$libinit$$00000016)
    .ARM.Collect$$libinit$$00000017          0x0800017c   Section        0  libinit2.o(.ARM.Collect$$libinit$$00000017)
    .ARM.Collect$$libinit$$00000019          0x0800017c   Section        0  libinit2.o(.ARM.Collect$$libinit$$00000019)
    .ARM.Collect$$libinit$$0000001B          0x0800017c   Section        0  libinit2.o(.ARM.Collect$$libinit$$0000001B)
    .ARM.Collect$$libinit$$0000001D          0x0800017c   Section        0  libinit2.o(.ARM.Collect$$libinit$$0000001D)
    .ARM.Collect$$libinit$$0000001F          0x0800017c   Section        0  libinit2.o(.ARM.Collect$$libinit$$0000001F)
    .ARM.Collect$$libinit$$00000021          0x0800017c   Section        0  libinit2.o(.ARM.Collect$$libinit$$00000021)
    .ARM.Collect$$libinit$$00000023          0x0800017c   Section        0  libinit2.o(.ARM.Collect$$libinit$$00000023)
    .ARM.Collect$$libinit$$00000025          0x0800017c   Section        0  libinit2.o(.ARM.Collect$$libinit$$00000025)
    .ARM.Collect$$libinit$$0000002C          0x0800017c   Section        0  libinit2.o(.ARM.Collect$$libinit$$0000002C)
    .ARM.Collect$$libinit$$0000002E          0x0800017c   Section        0  libinit2.o(.ARM.Collect$$libinit$$0000002E)
    .ARM.Collect$$libinit$$00000030          0x0800017c   Section        0  libinit2.o(.ARM.Collect$$libinit$$00000030)
    .ARM.Collect$$libinit$$00000032          0x0800017c   Section        0  libinit2.o(.ARM.Collect$$libinit$$00000032)
    .ARM.Collect$$libinit$$00000033          0x0800017c   Section        2  libinit2.o(.ARM.Collect$$libinit$$00000033)
    .ARM.Collect$$libshutdown$$00000000      0x0800017e   Section        2  libshutdown.o(.ARM.Collect$$libshutdown$$00000000)
    .ARM.Collect$$libshutdown$$00000002      0x08000180   Section        0  libshutdown2.o(.ARM.Collect$$libshutdown$$00000002)
    .ARM.Collect$$libshutdown$$00000004      0x08000180   Section        0  libshutdown2.o(.ARM.Collect$$libshutdown$$00000004)
    .ARM.Collect$$libshutdown$$00000007      0x08000180   Section        0  libshutdown2.o(.ARM.Collect$$libshutdown$$00000007)
    .ARM.Collect$$libshutdown$$0000000A      0x08000180   Section        0  libshutdown2.o(.ARM.Collect$$libshutdown$$0000000A)
    .ARM.Collect$$libshutdown$$0000000C      0x08000180   Section        0  libshutdown2.o(.ARM.Collect$$libshutdown$$0000000C)
    .ARM.Collect$$libshutdown$$0000000F      0x08000180   Section        0  libshutdown2.o(.ARM.Collect$$libshutdown$$0000000F)
    .ARM.Collect$$libshutdown$$00000010      0x08000180   Section        2  libshutdown2.o(.ARM.Collect$$libshutdown$$00000010)
    .ARM.Collect$$rtentry$$00000000          0x08000182   Section        0  __rtentry.o(.ARM.Collect$$rtentry$$00000000)
    .ARM.Collect$$rtentry$$00000002          0x08000182   Section        0  __rtentry2.o(.ARM.Collect$$rtentry$$00000002)
    .ARM.Collect$$rtentry$$00000004          0x08000182   Section        6  __rtentry4.o(.ARM.Collect$$rtentry$$00000004)
    .ARM.Collect$$rtentry$$00000009          0x08000188   Section        0  __rtentry2.o(.ARM.Collect$$rtentry$$00000009)
    .ARM.Collect$$rtentry$$0000000A          0x08000188   Section        4  __rtentry2.o(.ARM.Collect$$rtentry$$0000000A)
    .ARM.Collect$$rtentry$$0000000C          0x0800018c   Section        0  __rtentry2.o(.ARM.Collect$$rtentry$$0000000C)
    .ARM.Collect$$rtentry$$0000000D          0x0800018c   Section        8  __rtentry2.o(.ARM.Collect$$rtentry$$0000000D)
    .ARM.Collect$$rtexit$$00000000           0x08000194   Section        2  rtexit.o(.ARM.Collect$$rtexit$$00000000)
    .ARM.Collect$$rtexit$$00000002           0x08000196   Section        0  rtexit2.o(.ARM.Collect$$rtexit$$00000002)
    .ARM.Collect$$rtexit$$00000003           0x08000196   Section        4  rtexit2.o(.ARM.Collect$$rtexit$$00000003)
    .ARM.Collect$$rtexit$$00000004           0x0800019a   Section        6  rtexit2.o(.ARM.Collect$$rtexit$$00000004)
    .text                                    0x080001a0   Section       64  startup_stm32f103xb.o(.text)
    .text                                    0x080001e0   Section        0  noretval__2sprintf.o(.text)
    .text                                    0x08000208   Section        0  __printf_wp.o(.text)
    .text                                    0x08000316   Section       78  rt_memclr_w.o(.text)
    .text                                    0x08000364   Section        0  heapauxi.o(.text)
    .text                                    0x0800036a   Section        0  _printf_fp_dec.o(.text)
    _fp_digits                               0x0800036d   Thumb Code   432  _printf_fp_dec.o(.text)
    .text                                    0x08000788   Section        0  _printf_char_common.o(.text)
    _printf_input_char                       0x08000789   Thumb Code    10  _printf_char_common.o(.text)
    .text                                    0x080007b8   Section        0  _sputc.o(.text)
    .text                                    0x080007c4   Section        8  rt_locale_intlibspace.o(.text)
    .text                                    0x080007cc   Section      138  lludiv10.o(.text)
    .text                                    0x08000858   Section        0  _printf_fp_infnan.o(.text)
    .text                                    0x080008d8   Section        0  bigflt0.o(.text)
    .text                                    0x080009bc   Section        8  libspace.o(.text)
    .text                                    0x080009c4   Section       74  sys_stackheap_outer.o(.text)
    .text                                    0x08000a0e   Section        0  exit.o(.text)
    .text                                    0x08000a20   Section      128  strcmpv7m.o(.text)
    .text                                    0x08000aa0   Section        0  sys_exit.o(.text)
    .text                                    0x08000aac   Section        2  use_no_semi.o(.text)
    .text                                    0x08000aae   Section        0  indicate_semi.o(.text)
    CL$$btod_d2e                             0x08000aae   Section       62  btod.o(CL$$btod_d2e)
    CL$$btod_d2e_denorm_low                  0x08000aec   Section       70  btod.o(CL$$btod_d2e_denorm_low)
    CL$$btod_d2e_norm_op1                    0x08000b32   Section       96  btod.o(CL$$btod_d2e_norm_op1)
    CL$$btod_div_common                      0x08000b92   Section      824  btod.o(CL$$btod_div_common)
    CL$$btod_e2e                             0x08000eca   Section      220  btod.o(CL$$btod_e2e)
    CL$$btod_ediv                            0x08000fa6   Section       42  btod.o(CL$$btod_ediv)
    CL$$btod_emul                            0x08000fd0   Section       42  btod.o(CL$$btod_emul)
    CL$$btod_mult_common                     0x08000ffa   Section      580  btod.o(CL$$btod_mult_common)
    i.BusFault_Handler                       0x0800123e   Section        0  stm32f1xx_it.o(i.BusFault_Handler)
    i.DHT22                                  0x08001240   Section        0  main.o(i.DHT22)
    i.DHT22_Read                             0x080012c4   Section        0  main.o(i.DHT22_Read)
    i.DHT22_Start                            0x08001360   Section        0  main.o(i.DHT22_Start)
    i.DebugMon_Handler                       0x08001408   Section        0  stm32f1xx_it.o(i.DebugMon_Handler)
    i.EXTI15_10_IRQHandler                   0x0800140a   Section        0  stm32f1xx_it.o(i.EXTI15_10_IRQHandler)
    i.EXTI9_5_IRQHandler                     0x08001412   Section        0  stm32f1xx_it.o(i.EXTI9_5_IRQHandler)
    i.HAL_Delay                              0x08001418   Section        0  stm32f1xx_hal.o(i.HAL_Delay)
    i.HAL_GPIO_EXTI_Callback                 0x0800143c   Section        0  main.o(i.HAL_GPIO_EXTI_Callback)
    i.HAL_GPIO_EXTI_IRQHandler               0x08001474   Section        0  stm32f1xx_hal_gpio.o(i.HAL_GPIO_EXTI_IRQHandler)
    i.HAL_GPIO_Init                          0x0800148c   Section        0  stm32f1xx_hal_gpio.o(i.HAL_GPIO_Init)
    i.HAL_GPIO_ReadPin                       0x0800166c   Section        0  stm32f1xx_hal_gpio.o(i.HAL_GPIO_ReadPin)
    i.HAL_GPIO_TogglePin                     0x08001676   Section        0  stm32f1xx_hal_gpio.o(i.HAL_GPIO_TogglePin)
    i.HAL_GPIO_WritePin                      0x08001686   Section        0  stm32f1xx_hal_gpio.o(i.HAL_GPIO_WritePin)
    i.HAL_GetTick                            0x08001690   Section        0  stm32f1xx_hal.o(i.HAL_GetTick)
    i.HAL_I2C_Init                           0x0800169c   Section        0  stm32f1xx_hal_i2c.o(i.HAL_I2C_Init)
    i.HAL_I2C_Master_Transmit                0x08001824   Section        0  stm32f1xx_hal_i2c.o(i.HAL_I2C_Master_Transmit)
    i.HAL_I2C_MspInit                        0x08001950   Section        0  stm32f1xx_hal_msp.o(i.HAL_I2C_MspInit)
    i.HAL_IncTick                            0x080019ac   Section        0  stm32f1xx_hal.o(i.HAL_IncTick)
    i.HAL_Init                               0x080019bc   Section        0  stm32f1xx_hal.o(i.HAL_Init)
    i.HAL_InitTick                           0x080019e0   Section        0  stm32f1xx_hal.o(i.HAL_InitTick)
    i.HAL_MspInit                            0x08001a20   Section        0  stm32f1xx_hal_msp.o(i.HAL_MspInit)
    i.HAL_NVIC_EnableIRQ                     0x08001a5c   Section        0  stm32f1xx_hal_cortex.o(i.HAL_NVIC_EnableIRQ)
    i.HAL_NVIC_SetPriority                   0x08001a78   Section        0  stm32f1xx_hal_cortex.o(i.HAL_NVIC_SetPriority)
    i.HAL_NVIC_SetPriorityGrouping           0x08001ab8   Section        0  stm32f1xx_hal_cortex.o(i.HAL_NVIC_SetPriorityGrouping)
    i.HAL_RCC_ClockConfig                    0x08001adc   Section        0  stm32f1xx_hal_rcc.o(i.HAL_RCC_ClockConfig)
    i.HAL_RCC_GetPCLK1Freq                   0x08001c08   Section        0  stm32f1xx_hal_rcc.o(i.HAL_RCC_GetPCLK1Freq)
    i.HAL_RCC_GetSysClockFreq                0x08001c28   Section        0  stm32f1xx_hal_rcc.o(i.HAL_RCC_GetSysClockFreq)
    i.HAL_RCC_OscConfig                      0x08001c74   Section        0  stm32f1xx_hal_rcc.o(i.HAL_RCC_OscConfig)
    i.HAL_SYSTICK_Config                     0x08001f94   Section        0  stm32f1xx_hal_cortex.o(i.HAL_SYSTICK_Config)
    i.HAL_TIMEx_BreakCallback                0x08001fbc   Section        0  stm32f1xx_hal_tim_ex.o(i.HAL_TIMEx_BreakCallback)
    i.HAL_TIMEx_CommutCallback               0x08001fbe   Section        0  stm32f1xx_hal_tim_ex.o(i.HAL_TIMEx_CommutCallback)
    i.HAL_TIMEx_MasterConfigSynchronization  0x08001fc0   Section        0  stm32f1xx_hal_tim_ex.o(i.HAL_TIMEx_MasterConfigSynchronization)
    i.HAL_TIM_Base_Init                      0x08002028   Section        0  stm32f1xx_hal_tim.o(i.HAL_TIM_Base_Init)
    i.HAL_TIM_Base_MspInit                   0x08002084   Section        0  stm32f1xx_hal_msp.o(i.HAL_TIM_Base_MspInit)
    i.HAL_TIM_Base_Start                     0x080020e8   Section        0  stm32f1xx_hal_tim.o(i.HAL_TIM_Base_Start)
    i.HAL_TIM_Base_Start_IT                  0x08002138   Section        0  stm32f1xx_hal_tim.o(i.HAL_TIM_Base_Start_IT)
    i.HAL_TIM_ConfigClockSource              0x08002190   Section        0  stm32f1xx_hal_tim.o(i.HAL_TIM_ConfigClockSource)
    i.HAL_TIM_IC_CaptureCallback             0x0800226c   Section        0  stm32f1xx_hal_tim.o(i.HAL_TIM_IC_CaptureCallback)
    i.HAL_TIM_IRQHandler                     0x0800226e   Section        0  stm32f1xx_hal_tim.o(i.HAL_TIM_IRQHandler)
    i.HAL_TIM_MspPostInit                    0x080023d4   Section        0  stm32f1xx_hal_msp.o(i.HAL_TIM_MspPostInit)
    i.HAL_TIM_OC_DelayElapsedCallback        0x0800241c   Section        0  stm32f1xx_hal_tim.o(i.HAL_TIM_OC_DelayElapsedCallback)
    i.HAL_TIM_PWM_ConfigChannel              0x0800241e   Section        0  stm32f1xx_hal_tim.o(i.HAL_TIM_PWM_ConfigChannel)
    i.HAL_TIM_PWM_Init                       0x080024ea   Section        0  stm32f1xx_hal_tim.o(i.HAL_TIM_PWM_Init)
    i.HAL_TIM_PWM_MspInit                    0x08002544   Section        0  stm32f1xx_hal_msp.o(i.HAL_TIM_PWM_MspInit)
    i.HAL_TIM_PWM_PulseFinishedCallback      0x08002568   Section        0  stm32f1xx_hal_tim.o(i.HAL_TIM_PWM_PulseFinishedCallback)
    i.HAL_TIM_PWM_Start                      0x0800256c   Section        0  stm32f1xx_hal_tim.o(i.HAL_TIM_PWM_Start)
    i.HAL_TIM_PeriodElapsedCallback          0x08002608   Section        0  stm32f1xx_hal_tim.o(i.HAL_TIM_PeriodElapsedCallback)
    i.HAL_TIM_TriggerCallback                0x0800260a   Section        0  stm32f1xx_hal_tim.o(i.HAL_TIM_TriggerCallback)
    i.HardFault_Handler                      0x0800260c   Section        0  stm32f1xx_it.o(i.HardFault_Handler)
    i.I2C_IsAcknowledgeFailed                0x0800260e   Section        0  stm32f1xx_hal_i2c.o(i.I2C_IsAcknowledgeFailed)
    I2C_IsAcknowledgeFailed                  0x0800260f   Thumb Code    46  stm32f1xx_hal_i2c.o(i.I2C_IsAcknowledgeFailed)
    i.I2C_MasterRequestWrite                 0x0800263c   Section        0  stm32f1xx_hal_i2c.o(i.I2C_MasterRequestWrite)
    I2C_MasterRequestWrite                   0x0800263d   Thumb Code   150  stm32f1xx_hal_i2c.o(i.I2C_MasterRequestWrite)
    i.I2C_WaitOnBTFFlagUntilTimeout          0x080026d8   Section        0  stm32f1xx_hal_i2c.o(i.I2C_WaitOnBTFFlagUntilTimeout)
    I2C_WaitOnBTFFlagUntilTimeout            0x080026d9   Thumb Code    86  stm32f1xx_hal_i2c.o(i.I2C_WaitOnBTFFlagUntilTimeout)
    i.I2C_WaitOnFlagUntilTimeout             0x08002730   Section        0  stm32f1xx_hal_i2c.o(i.I2C_WaitOnFlagUntilTimeout)
    I2C_WaitOnFlagUntilTimeout               0x08002731   Thumb Code   144  stm32f1xx_hal_i2c.o(i.I2C_WaitOnFlagUntilTimeout)
    i.I2C_WaitOnMasterAddressFlagUntilTimeout 0x080027c0   Section        0  stm32f1xx_hal_i2c.o(i.I2C_WaitOnMasterAddressFlagUntilTimeout)
    I2C_WaitOnMasterAddressFlagUntilTimeout  0x080027c1   Thumb Code   188  stm32f1xx_hal_i2c.o(i.I2C_WaitOnMasterAddressFlagUntilTimeout)
    i.I2C_WaitOnTXEFlagUntilTimeout          0x0800287c   Section        0  stm32f1xx_hal_i2c.o(i.I2C_WaitOnTXEFlagUntilTimeout)
    I2C_WaitOnTXEFlagUntilTimeout            0x0800287d   Thumb Code    86  stm32f1xx_hal_i2c.o(i.I2C_WaitOnTXEFlagUntilTimeout)
    i.MX_GPIO_Init                           0x080028d4   Section        0  main.o(i.MX_GPIO_Init)
    MX_GPIO_Init                             0x080028d5   Thumb Code   126  main.o(i.MX_GPIO_Init)
    i.MX_TIM1_Init                           0x08002964   Section        0  main.o(i.MX_TIM1_Init)
    MX_TIM1_Init                             0x08002965   Thumb Code    76  main.o(i.MX_TIM1_Init)
    i.MX_TIM2_Init                           0x080029b8   Section        0  main.o(i.MX_TIM2_Init)
    MX_TIM2_Init                             0x080029b9   Thumb Code    88  main.o(i.MX_TIM2_Init)
    i.MX_TIM3_Init                           0x08002a14   Section        0  main.o(i.MX_TIM3_Init)
    MX_TIM3_Init                             0x08002a15   Thumb Code    74  main.o(i.MX_TIM3_Init)
    i.MemManage_Handler                      0x08002a68   Section        0  stm32f1xx_it.o(i.MemManage_Handler)
    i.NMI_Handler                            0x08002a6a   Section        0  stm32f1xx_it.o(i.NMI_Handler)
    i.PendSV_Handler                         0x08002a6c   Section        0  stm32f1xx_it.o(i.PendSV_Handler)
    i.SVC_Handler                            0x08002a6e   Section        0  stm32f1xx_it.o(i.SVC_Handler)
    i.SysTick_Handler                        0x08002a70   Section        0  stm32f1xx_it.o(i.SysTick_Handler)
    i.SystemClock_Config                     0x08002a74   Section        0  main.o(i.SystemClock_Config)
    i.SystemInit                             0x08002ac2   Section        0  system_stm32f1xx.o(i.SystemInit)
    i.TIM1_UP_IRQHandler                     0x08002ac4   Section        0  stm32f1xx_it.o(i.TIM1_UP_IRQHandler)
    i.TIM3_IRQHandler                        0x08002ae4   Section        0  main.o(i.TIM3_IRQHandler)
    i.TIM_Base_SetConfig                     0x08002b84   Section        0  stm32f1xx_hal_tim.o(i.TIM_Base_SetConfig)
    i.TIM_CCxChannelCmd                      0x08002bf0   Section        0  stm32f1xx_hal_tim.o(i.TIM_CCxChannelCmd)
    i.TIM_ETR_SetConfig                      0x08002c0a   Section        0  stm32f1xx_hal_tim.o(i.TIM_ETR_SetConfig)
    i.TIM_ITRx_SetConfig                     0x08002c1e   Section        0  stm32f1xx_hal_tim.o(i.TIM_ITRx_SetConfig)
    TIM_ITRx_SetConfig                       0x08002c1f   Thumb Code    16  stm32f1xx_hal_tim.o(i.TIM_ITRx_SetConfig)
    i.TIM_OC1_SetConfig                      0x08002c30   Section        0  stm32f1xx_hal_tim.o(i.TIM_OC1_SetConfig)
    TIM_OC1_SetConfig                        0x08002c31   Thumb Code    74  stm32f1xx_hal_tim.o(i.TIM_OC1_SetConfig)
    i.TIM_OC2_SetConfig                      0x08002c80   Section        0  stm32f1xx_hal_tim.o(i.TIM_OC2_SetConfig)
    i.TIM_OC3_SetConfig                      0x08002cd8   Section        0  stm32f1xx_hal_tim.o(i.TIM_OC3_SetConfig)
    TIM_OC3_SetConfig                        0x08002cd9   Thumb Code    82  stm32f1xx_hal_tim.o(i.TIM_OC3_SetConfig)
    i.TIM_OC4_SetConfig                      0x08002d30   Section        0  stm32f1xx_hal_tim.o(i.TIM_OC4_SetConfig)
    TIM_OC4_SetConfig                        0x08002d31   Thumb Code    64  stm32f1xx_hal_tim.o(i.TIM_OC4_SetConfig)
    i.TIM_TI1_ConfigInputStage               0x08002d74   Section        0  stm32f1xx_hal_tim.o(i.TIM_TI1_ConfigInputStage)
    TIM_TI1_ConfigInputStage                 0x08002d75   Thumb Code    34  stm32f1xx_hal_tim.o(i.TIM_TI1_ConfigInputStage)
    i.TIM_TI2_ConfigInputStage               0x08002d96   Section        0  stm32f1xx_hal_tim.o(i.TIM_TI2_ConfigInputStage)
    TIM_TI2_ConfigInputStage                 0x08002d97   Thumb Code    36  stm32f1xx_hal_tim.o(i.TIM_TI2_ConfigInputStage)
    i.UsageFault_Handler                     0x08002dba   Section        0  stm32f1xx_it.o(i.UsageFault_Handler)
    i.__ARM_fpclassify                       0x08002dbc   Section        0  fpclassify.o(i.__ARM_fpclassify)
    i.__NVIC_SetPriority                     0x08002de4   Section        0  stm32f1xx_hal_cortex.o(i.__NVIC_SetPriority)
    __NVIC_SetPriority                       0x08002de5   Thumb Code    32  stm32f1xx_hal_cortex.o(i.__NVIC_SetPriority)
    i._is_digit                              0x08002e04   Section        0  __printf_wp.o(i._is_digit)
    i.lcd_clear                              0x08002e12   Section        0  i2c-lcd.o(i.lcd_clear)
    i.lcd_init                               0x08002e2a   Section        0  i2c-lcd.o(i.lcd_init)
    i.lcd_put_cur                            0x08002ea2   Section        0  i2c-lcd.o(i.lcd_put_cur)
    i.lcd_send_cmd                           0x08002ebc   Section        0  i2c-lcd.o(i.lcd_send_cmd)
    i.lcd_send_data                          0x08002efc   Section        0  i2c-lcd.o(i.lcd_send_data)
    i.lcd_send_string                        0x08002f3c   Section        0  i2c-lcd.o(i.lcd_send_string)
    i.main                                   0x08002f50   Section        0  main.o(i.main)
    i.microDelay                             0x08003060   Section        0  main.o(i.microDelay)
    locale$$code                             0x08003078   Section       44  lc_numeric_c.o(locale$$code)
    x$fpl$dretinf                            0x080030a4   Section       12  dretinf.o(x$fpl$dretinf)
    x$fpl$f2d                                0x080030b0   Section       86  f2d.o(x$fpl$f2d)
    x$fpl$fadd                               0x08003108   Section      196  faddsub_clz.o(x$fpl$fadd)
    _fadd1                                   0x08003117   Thumb Code     0  faddsub_clz.o(x$fpl$fadd)
    x$fpl$fdiv                               0x080031cc   Section      388  fdiv.o(x$fpl$fdiv)
    _fdiv1                                   0x080031cd   Thumb Code     0  fdiv.o(x$fpl$fdiv)
    x$fpl$ffix                               0x08003350   Section       54  ffix.o(x$fpl$ffix)
    x$fpl$ffltu                              0x08003388   Section       38  fflt_clz.o(x$fpl$ffltu)
    x$fpl$fmul                               0x080033b0   Section      258  fmul.o(x$fpl$fmul)
    x$fpl$fnaninf                            0x080034b2   Section      140  fnaninf.o(x$fpl$fnaninf)
    x$fpl$fretinf                            0x0800353e   Section       10  fretinf.o(x$fpl$fretinf)
    x$fpl$fsub                               0x08003548   Section      234  faddsub_clz.o(x$fpl$fsub)
    _fsub1                                   0x08003557   Thumb Code     0  faddsub_clz.o(x$fpl$fsub)
    x$fpl$printf1                            0x08003632   Section        4  printf1.o(x$fpl$printf1)
    .constdata                               0x08003636   Section       18  stm32f1xx_hal_rcc.o(.constdata)
    x$fpl$usenofp                            0x08003636   Section        0  usenofp.o(x$fpl$usenofp)
    aPredivFactorTable                       0x08003636   Data           2  stm32f1xx_hal_rcc.o(.constdata)
    aPLLMULFactorTable                       0x08003638   Data          16  stm32f1xx_hal_rcc.o(.constdata)
    .constdata                               0x08003648   Section       16  system_stm32f1xx.o(.constdata)
    .constdata                               0x08003658   Section        8  system_stm32f1xx.o(.constdata)
    .constdata                               0x08003660   Section      148  bigflt0.o(.constdata)
    tenpwrs_x                                0x08003660   Data          60  bigflt0.o(.constdata)
    tenpwrs_i                                0x0800369c   Data          64  bigflt0.o(.constdata)
    locale$$data                             0x08003714   Section       28  lc_numeric_c.o(locale$$data)
    __lcnum_c_name                           0x08003718   Data           2  lc_numeric_c.o(locale$$data)
    __lcnum_c_start                          0x08003720   Data           0  lc_numeric_c.o(locale$$data)
    __lcnum_c_point                          0x0800372c   Data           0  lc_numeric_c.o(locale$$data)
    __lcnum_c_thousands                      0x0800372e   Data           0  lc_numeric_c.o(locale$$data)
    __lcnum_c_grouping                       0x0800372f   Data           0  lc_numeric_c.o(locale$$data)
    __lcnum_c_end                            0x08003730   Data           0  lc_numeric_c.o(locale$$data)
    .data                                    0x20000000   Section       76  main.o(.data)
    integral                                 0x2000001c   Data           4  main.o(.data)
    derivative                               0x20000020   Data           4  main.o(.data)
    last_interrupt_time                      0x20000038   Data           4  main.o(.data)
    .data                                    0x2000004c   Section       12  stm32f1xx_hal.o(.data)
    .data                                    0x20000058   Section        4  system_stm32f1xx.o(.data)
    .bss                                     0x2000005c   Section      300  main.o(.bss)
    .bss                                     0x20000188   Section       96  libspace.o(.bss)
    HEAP                                     0x200001e8   Section      512  startup_stm32f103xb.o(HEAP)
    Heap_Mem                                 0x200001e8   Data         512  startup_stm32f103xb.o(HEAP)
    STACK                                    0x200003e8   Section     1024  startup_stm32f103xb.o(STACK)
    Stack_Mem                                0x200003e8   Data        1024  startup_stm32f103xb.o(STACK)
    __initial_sp                             0x200007e8   Data           0  startup_stm32f103xb.o(STACK)

    Global Symbols

    Symbol Name                              Value     Ov Type        Size  Object(Section)

    BuildAttributes$$THM_ISAv4$P$D$K$B$S$PE$A:L22UL41UL21$X:L11$S22US41US21$IEEE1$IW$USESV6$~STKCKD$USESV7$~SHL$OTIME$ROPI$IEEEJ$EBA8$UX$STANDARDLIB$REQ8$PRES8$EABIv2 0x00000000   Number         0  anon$$obj.o ABSOLUTE
    __ARM_use_no_argv                        0x00000000   Number         0  main.o ABSOLUTE
    _printf_flags                            0x00000000   Number         0  printf_stubs.o ABSOLUTE
    _printf_return_value                     0x00000000   Number         0  printf_stubs.o ABSOLUTE
    _printf_sizespec                         0x00000000   Number         0  printf_stubs.o ABSOLUTE
    _printf_widthprec                        0x00000000   Number         0  printf_stubs.o ABSOLUTE
    __ARM_exceptions_init                     - Undefined Weak Reference
    __alloca_initialize                       - Undefined Weak Reference
    __arm_preinit_                            - Undefined Weak Reference
    __cpp_initialize__aeabi_                  - Undefined Weak Reference
    __cxa_finalize                            - Undefined Weak Reference
    __sigvec_lookup                           - Undefined Weak Reference
    _atexit_init                              - Undefined Weak Reference
    _call_atexit_fns                          - Undefined Weak Reference
    _clock_init                               - Undefined Weak Reference
    _fp_trap_init                             - Undefined Weak Reference
    _fp_trap_shutdown                         - Undefined Weak Reference
    _get_lc_collate                           - Undefined Weak Reference
    _get_lc_ctype                             - Undefined Weak Reference
    _get_lc_monetary                          - Undefined Weak Reference
    _get_lc_time                              - Undefined Weak Reference
    _getenv_init                              - Undefined Weak Reference
    _handle_redirection                       - Undefined Weak Reference
    _init_alloc                               - Undefined Weak Reference
    _init_user_alloc                          - Undefined Weak Reference
    _initio                                   - Undefined Weak Reference
    _printf_post_padding                      - Undefined Weak Reference
    _printf_pre_padding                       - Undefined Weak Reference
    _rand_init                                - Undefined Weak Reference
    _signal_finish                            - Undefined Weak Reference
    _signal_init                              - Undefined Weak Reference
    _terminate_alloc                          - Undefined Weak Reference
    _terminate_user_alloc                     - Undefined Weak Reference
    _terminateio                              - Undefined Weak Reference
    __Vectors_Size                           0x000000ec   Number         0  startup_stm32f103xb.o ABSOLUTE
    __Vectors                                0x08000000   Data           4  startup_stm32f103xb.o(RESET)
    __Vectors_End                            0x080000ec   Data           0  startup_stm32f103xb.o(RESET)
    __main                                   0x080000ed   Thumb Code     8  __main.o(!!!main)
    __scatterload                            0x080000f5   Thumb Code     0  __scatter.o(!!!scatter)
    __scatterload_rt2                        0x080000f5   Thumb Code    44  __scatter.o(!!!scatter)
    __scatterload_rt2_thumb_only             0x080000f5   Thumb Code     0  __scatter.o(!!!scatter)
    __scatterload_null                       0x08000103   Thumb Code     0  __scatter.o(!!!scatter)
    __scatterload_copy                       0x08000129   Thumb Code    26  __scatter_copy.o(!!handler_copy)
    __scatterload_zeroinit                   0x08000145   Thumb Code    28  __scatter_zi.o(!!handler_zi)
    _printf_f                                0x08000161   Thumb Code     0  _printf_f.o(.ARM.Collect$$_printf_percent$$00000003)
    _printf_percent                          0x08000161   Thumb Code     0  _printf_percent.o(.ARM.Collect$$_printf_percent$$00000000)
    _printf_percent_end                      0x08000167   Thumb Code     0  _printf_percent_end.o(.ARM.Collect$$_printf_percent$$00000017)
    __rt_lib_init                            0x0800016b   Thumb Code     0  libinit.o(.ARM.Collect$$libinit$$00000000)
    __rt_lib_init_fp_1                       0x0800016d   Thumb Code     0  libinit2.o(.ARM.Collect$$libinit$$00000002)
    __rt_lib_init_heap_1                     0x0800016d   Thumb Code     0  libinit2.o(.ARM.Collect$$libinit$$0000000A)
    __rt_lib_init_lc_common                  0x0800016d   Thumb Code     0  libinit2.o(.ARM.Collect$$libinit$$0000000F)
    __rt_lib_init_preinit_1                  0x0800016d   Thumb Code     0  libinit2.o(.ARM.Collect$$libinit$$00000004)
    __rt_lib_init_rand_1                     0x0800016d   Thumb Code     0  libinit2.o(.ARM.Collect$$libinit$$0000000E)
    __rt_lib_init_user_alloc_1               0x0800016d   Thumb Code     0  libinit2.o(.ARM.Collect$$libinit$$0000000C)
    __rt_lib_init_lc_collate_1               0x08000173   Thumb Code     0  libinit2.o(.ARM.Collect$$libinit$$00000011)
    __rt_lib_init_lc_ctype_1                 0x08000173   Thumb Code     0  libinit2.o(.ARM.Collect$$libinit$$00000013)
    __rt_lib_init_lc_monetary_1              0x08000173   Thumb Code     0  libinit2.o(.ARM.Collect$$libinit$$00000015)
    __rt_lib_init_lc_numeric_2               0x08000173   Thumb Code     0  libinit2.o(.ARM.Collect$$libinit$$00000016)
    __rt_lib_init_alloca_1                   0x0800017d   Thumb Code     0  libinit2.o(.ARM.Collect$$libinit$$0000002E)
    __rt_lib_init_argv_1                     0x0800017d   Thumb Code     0  libinit2.o(.ARM.Collect$$libinit$$0000002C)
    __rt_lib_init_atexit_1                   0x0800017d   Thumb Code     0  libinit2.o(.ARM.Collect$$libinit$$0000001B)
    __rt_lib_init_clock_1                    0x0800017d   Thumb Code     0  libinit2.o(.ARM.Collect$$libinit$$00000021)
    __rt_lib_init_cpp_1                      0x0800017d   Thumb Code     0  libinit2.o(.ARM.Collect$$libinit$$00000032)
    __rt_lib_init_exceptions_1               0x0800017d   Thumb Code     0  libinit2.o(.ARM.Collect$$libinit$$00000030)
    __rt_lib_init_fp_trap_1                  0x0800017d   Thumb Code     0  libinit2.o(.ARM.Collect$$libinit$$0000001F)
    __rt_lib_init_getenv_1                   0x0800017d   Thumb Code     0  libinit2.o(.ARM.Collect$$libinit$$00000023)
    __rt_lib_init_lc_numeric_1               0x0800017d   Thumb Code     0  libinit2.o(.ARM.Collect$$libinit$$00000017)
    __rt_lib_init_lc_time_1                  0x0800017d   Thumb Code     0  libinit2.o(.ARM.Collect$$libinit$$00000019)
    __rt_lib_init_return                     0x0800017d   Thumb Code     0  libinit2.o(.ARM.Collect$$libinit$$00000033)
    __rt_lib_init_signal_1                   0x0800017d   Thumb Code     0  libinit2.o(.ARM.Collect$$libinit$$0000001D)
    __rt_lib_init_stdio_1                    0x0800017d   Thumb Code     0  libinit2.o(.ARM.Collect$$libinit$$00000025)
    __rt_lib_shutdown                        0x0800017f   Thumb Code     0  libshutdown.o(.ARM.Collect$$libshutdown$$00000000)
    __rt_lib_shutdown_cpp_1                  0x08000181   Thumb Code     0  libshutdown2.o(.ARM.Collect$$libshutdown$$00000002)
    __rt_lib_shutdown_fp_trap_1              0x08000181   Thumb Code     0  libshutdown2.o(.ARM.Collect$$libshutdown$$00000007)
    __rt_lib_shutdown_heap_1                 0x08000181   Thumb Code     0  libshutdown2.o(.ARM.Collect$$libshutdown$$0000000F)
    __rt_lib_shutdown_return                 0x08000181   Thumb Code     0  libshutdown2.o(.ARM.Collect$$libshutdown$$00000010)
    __rt_lib_shutdown_signal_1               0x08000181   Thumb Code     0  libshutdown2.o(.ARM.Collect$$libshutdown$$0000000A)
    __rt_lib_shutdown_stdio_1                0x08000181   Thumb Code     0  libshutdown2.o(.ARM.Collect$$libshutdown$$00000004)
    __rt_lib_shutdown_user_alloc_1           0x08000181   Thumb Code     0  libshutdown2.o(.ARM.Collect$$libshutdown$$0000000C)
    __rt_entry                               0x08000183   Thumb Code     0  __rtentry.o(.ARM.Collect$$rtentry$$00000000)
    __rt_entry_presh_1                       0x08000183   Thumb Code     0  __rtentry2.o(.ARM.Collect$$rtentry$$00000002)
    __rt_entry_sh                            0x08000183   Thumb Code     0  __rtentry4.o(.ARM.Collect$$rtentry$$00000004)
    __rt_entry_li                            0x08000189   Thumb Code     0  __rtentry2.o(.ARM.Collect$$rtentry$$0000000A)
    __rt_entry_postsh_1                      0x08000189   Thumb Code     0  __rtentry2.o(.ARM.Collect$$rtentry$$00000009)
    __rt_entry_main                          0x0800018d   Thumb Code     0  __rtentry2.o(.ARM.Collect$$rtentry$$0000000D)
    __rt_entry_postli_1                      0x0800018d   Thumb Code     0  __rtentry2.o(.ARM.Collect$$rtentry$$0000000C)
    __rt_exit                                0x08000195   Thumb Code     0  rtexit.o(.ARM.Collect$$rtexit$$00000000)
    __rt_exit_ls                             0x08000197   Thumb Code     0  rtexit2.o(.ARM.Collect$$rtexit$$00000003)
    __rt_exit_prels_1                        0x08000197   Thumb Code     0  rtexit2.o(.ARM.Collect$$rtexit$$00000002)
    __rt_exit_exit                           0x0800019b   Thumb Code     0  rtexit2.o(.ARM.Collect$$rtexit$$00000004)
    Reset_Handler                            0x080001a1   Thumb Code     8  startup_stm32f103xb.o(.text)
    ADC1_2_IRQHandler                        0x080001bb   Thumb Code     0  startup_stm32f103xb.o(.text)
    CAN1_RX1_IRQHandler                      0x080001bb   Thumb Code     0  startup_stm32f103xb.o(.text)
    CAN1_SCE_IRQHandler                      0x080001bb   Thumb Code     0  startup_stm32f103xb.o(.text)
    DMA1_Channel1_IRQHandler                 0x080001bb   Thumb Code     0  startup_stm32f103xb.o(.text)
    DMA1_Channel2_IRQHandler                 0x080001bb   Thumb Code     0  startup_stm32f103xb.o(.text)
    DMA1_Channel3_IRQHandler                 0x080001bb   Thumb Code     0  startup_stm32f103xb.o(.text)
    DMA1_Channel4_IRQHandler                 0x080001bb   Thumb Code     0  startup_stm32f103xb.o(.text)
    DMA1_Channel5_IRQHandler                 0x080001bb   Thumb Code     0  startup_stm32f103xb.o(.text)
    DMA1_Channel6_IRQHandler                 0x080001bb   Thumb Code     0  startup_stm32f103xb.o(.text)
    DMA1_Channel7_IRQHandler                 0x080001bb   Thumb Code     0  startup_stm32f103xb.o(.text)
    EXTI0_IRQHandler                         0x080001bb   Thumb Code     0  startup_stm32f103xb.o(.text)
    EXTI1_IRQHandler                         0x080001bb   Thumb Code     0  startup_stm32f103xb.o(.text)
    EXTI2_IRQHandler                         0x080001bb   Thumb Code     0  startup_stm32f103xb.o(.text)
    EXTI3_IRQHandler                         0x080001bb   Thumb Code     0  startup_stm32f103xb.o(.text)
    EXTI4_IRQHandler                         0x080001bb   Thumb Code     0  startup_stm32f103xb.o(.text)
    FLASH_IRQHandler                         0x080001bb   Thumb Code     0  startup_stm32f103xb.o(.text)
    I2C1_ER_IRQHandler                       0x080001bb   Thumb Code     0  startup_stm32f103xb.o(.text)
    I2C1_EV_IRQHandler                       0x080001bb   Thumb Code     0  startup_stm32f103xb.o(.text)
    I2C2_ER_IRQHandler                       0x080001bb   Thumb Code     0  startup_stm32f103xb.o(.text)
    I2C2_EV_IRQHandler                       0x080001bb   Thumb Code     0  startup_stm32f103xb.o(.text)
    PVD_IRQHandler                           0x080001bb   Thumb Code     0  startup_stm32f103xb.o(.text)
    RCC_IRQHandler                           0x080001bb   Thumb Code     0  startup_stm32f103xb.o(.text)
    RTC_Alarm_IRQHandler                     0x080001bb   Thumb Code     0  startup_stm32f103xb.o(.text)
    RTC_IRQHandler                           0x080001bb   Thumb Code     0  startup_stm32f103xb.o(.text)
    SPI1_IRQHandler                          0x080001bb   Thumb Code     0  startup_stm32f103xb.o(.text)
    SPI2_IRQHandler                          0x080001bb   Thumb Code     0  startup_stm32f103xb.o(.text)
    TAMPER_IRQHandler                        0x080001bb   Thumb Code     0  startup_stm32f103xb.o(.text)
    TIM1_BRK_IRQHandler                      0x080001bb   Thumb Code     0  startup_stm32f103xb.o(.text)
    TIM1_CC_IRQHandler                       0x080001bb   Thumb Code     0  startup_stm32f103xb.o(.text)
    TIM1_TRG_COM_IRQHandler                  0x080001bb   Thumb Code     0  startup_stm32f103xb.o(.text)
    TIM2_IRQHandler                          0x080001bb   Thumb Code     0  startup_stm32f103xb.o(.text)
    TIM4_IRQHandler                          0x080001bb   Thumb Code     0  startup_stm32f103xb.o(.text)
    USART1_IRQHandler                        0x080001bb   Thumb Code     0  startup_stm32f103xb.o(.text)
    USART2_IRQHandler                        0x080001bb   Thumb Code     0  startup_stm32f103xb.o(.text)
    USART3_IRQHandler                        0x080001bb   Thumb Code     0  startup_stm32f103xb.o(.text)
    USBWakeUp_IRQHandler                     0x080001bb   Thumb Code     0  startup_stm32f103xb.o(.text)
    USB_HP_CAN1_TX_IRQHandler                0x080001bb   Thumb Code     0  startup_stm32f103xb.o(.text)
    USB_LP_CAN1_RX0_IRQHandler               0x080001bb   Thumb Code     0  startup_stm32f103xb.o(.text)
    WWDG_IRQHandler                          0x080001bb   Thumb Code     0  startup_stm32f103xb.o(.text)
    __user_initial_stackheap                 0x080001bd   Thumb Code     0  startup_stm32f103xb.o(.text)
    __2sprintf                               0x080001e1   Thumb Code    34  noretval__2sprintf.o(.text)
    __printf                                 0x08000209   Thumb Code   270  __printf_wp.o(.text)
    __aeabi_memclr4                          0x08000317   Thumb Code     0  rt_memclr_w.o(.text)
    __aeabi_memclr8                          0x08000317   Thumb Code     0  rt_memclr_w.o(.text)
    __rt_memclr_w                            0x08000317   Thumb Code    78  rt_memclr_w.o(.text)
    _memset_w                                0x0800031b   Thumb Code     0  rt_memclr_w.o(.text)
    __use_two_region_memory                  0x08000365   Thumb Code     2  heapauxi.o(.text)
    __rt_heap_escrow$2region                 0x08000367   Thumb Code     2  heapauxi.o(.text)
    __rt_heap_expand$2region                 0x08000369   Thumb Code     2  heapauxi.o(.text)
    __lib_sel_fp_printf                      0x0800036b   Thumb Code     2  _printf_fp_dec.o(.text)
    _printf_fp_dec_real                      0x0800051d   Thumb Code   620  _printf_fp_dec.o(.text)
    _printf_char_common                      0x08000793   Thumb Code    32  _printf_char_common.o(.text)
    _sputc                                   0x080007b9   Thumb Code    10  _sputc.o(.text)
    __rt_locale                              0x080007c5   Thumb Code     8  rt_locale_intlibspace.o(.text)
    _ll_udiv10                               0x080007cd   Thumb Code   138  lludiv10.o(.text)
    _printf_fp_infnan                        0x08000859   Thumb Code   112  _printf_fp_infnan.o(.text)
    _btod_etento                             0x080008d9   Thumb Code   224  bigflt0.o(.text)
    __user_libspace                          0x080009bd   Thumb Code     8  libspace.o(.text)
    __user_perproc_libspace                  0x080009bd   Thumb Code     0  libspace.o(.text)
    __user_perthread_libspace                0x080009bd   Thumb Code     0  libspace.o(.text)
    __user_setup_stackheap                   0x080009c5   Thumb Code    74  sys_stackheap_outer.o(.text)
    exit                                     0x08000a0f   Thumb Code    18  exit.o(.text)
    strcmp                                   0x08000a21   Thumb Code   128  strcmpv7m.o(.text)
    _sys_exit                                0x08000aa1   Thumb Code     8  sys_exit.o(.text)
    __I$use$semihosting                      0x08000aad   Thumb Code     0  use_no_semi.o(.text)
    __use_no_semihosting_swi                 0x08000aad   Thumb Code     2  use_no_semi.o(.text)
    __semihosting_library_function           0x08000aaf   Thumb Code     0  indicate_semi.o(.text)
    _btod_d2e                                0x08000aaf   Thumb Code    62  btod.o(CL$$btod_d2e)
    _d2e_denorm_low                          0x08000aed   Thumb Code    70  btod.o(CL$$btod_d2e_denorm_low)
    _d2e_norm_op1                            0x08000b33   Thumb Code    96  btod.o(CL$$btod_d2e_norm_op1)
    __btod_div_common                        0x08000b93   Thumb Code   696  btod.o(CL$$btod_div_common)
    _e2e                                     0x08000ecb   Thumb Code   220  btod.o(CL$$btod_e2e)
    _btod_ediv                               0x08000fa7   Thumb Code    42  btod.o(CL$$btod_ediv)
    _btod_emul                               0x08000fd1   Thumb Code    42  btod.o(CL$$btod_emul)
    __btod_mult_common                       0x08000ffb   Thumb Code   580  btod.o(CL$$btod_mult_common)
    BusFault_Handler                         0x0800123f   Thumb Code     2  stm32f1xx_it.o(i.BusFault_Handler)
    DHT22                                    0x08001241   Thumb Code   118  main.o(i.DHT22)
    DHT22_Read                               0x080012c5   Thumb Code   148  main.o(i.DHT22_Read)
    DHT22_Start                              0x08001361   Thumb Code   158  main.o(i.DHT22_Start)
    DebugMon_Handler                         0x08001409   Thumb Code     2  stm32f1xx_it.o(i.DebugMon_Handler)
    EXTI15_10_IRQHandler                     0x0800140b   Thumb Code     8  stm32f1xx_it.o(i.EXTI15_10_IRQHandler)
    EXTI9_5_IRQHandler                       0x08001413   Thumb Code     6  stm32f1xx_it.o(i.EXTI9_5_IRQHandler)
    HAL_Delay                                0x08001419   Thumb Code    32  stm32f1xx_hal.o(i.HAL_Delay)
    HAL_GPIO_EXTI_Callback                   0x0800143d   Thumb Code    52  main.o(i.HAL_GPIO_EXTI_Callback)
    HAL_GPIO_EXTI_IRQHandler                 0x08001475   Thumb Code    18  stm32f1xx_hal_gpio.o(i.HAL_GPIO_EXTI_IRQHandler)
    HAL_GPIO_Init                            0x0800148d   Thumb Code   446  stm32f1xx_hal_gpio.o(i.HAL_GPIO_Init)
    HAL_GPIO_ReadPin                         0x0800166d   Thumb Code    10  stm32f1xx_hal_gpio.o(i.HAL_GPIO_ReadPin)
    HAL_GPIO_TogglePin                       0x08001677   Thumb Code    16  stm32f1xx_hal_gpio.o(i.HAL_GPIO_TogglePin)
    HAL_GPIO_WritePin                        0x08001687   Thumb Code    10  stm32f1xx_hal_gpio.o(i.HAL_GPIO_WritePin)
    HAL_GetTick                              0x08001691   Thumb Code     6  stm32f1xx_hal.o(i.HAL_GetTick)
    HAL_I2C_Init                             0x0800169d   Thumb Code   376  stm32f1xx_hal_i2c.o(i.HAL_I2C_Init)
    HAL_I2C_Master_Transmit                  0x08001825   Thumb Code   290  stm32f1xx_hal_i2c.o(i.HAL_I2C_Master_Transmit)
    HAL_I2C_MspInit                          0x08001951   Thumb Code    80  stm32f1xx_hal_msp.o(i.HAL_I2C_MspInit)
    HAL_IncTick                              0x080019ad   Thumb Code    12  stm32f1xx_hal.o(i.HAL_IncTick)
    HAL_Init                                 0x080019bd   Thumb Code    32  stm32f1xx_hal.o(i.HAL_Init)
    HAL_InitTick                             0x080019e1   Thumb Code    54  stm32f1xx_hal.o(i.HAL_InitTick)
    HAL_MspInit                              0x08001a21   Thumb Code    52  stm32f1xx_hal_msp.o(i.HAL_MspInit)
    HAL_NVIC_EnableIRQ                       0x08001a5d   Thumb Code    26  stm32f1xx_hal_cortex.o(i.HAL_NVIC_EnableIRQ)
    HAL_NVIC_SetPriority                     0x08001a79   Thumb Code    60  stm32f1xx_hal_cortex.o(i.HAL_NVIC_SetPriority)
    HAL_NVIC_SetPriorityGrouping             0x08001ab9   Thumb Code    26  stm32f1xx_hal_cortex.o(i.HAL_NVIC_SetPriorityGrouping)
    HAL_RCC_ClockConfig                      0x08001add   Thumb Code   280  stm32f1xx_hal_rcc.o(i.HAL_RCC_ClockConfig)
    HAL_RCC_GetPCLK1Freq                     0x08001c09   Thumb Code    20  stm32f1xx_hal_rcc.o(i.HAL_RCC_GetPCLK1Freq)
    HAL_RCC_GetSysClockFreq                  0x08001c29   Thumb Code    58  stm32f1xx_hal_rcc.o(i.HAL_RCC_GetSysClockFreq)
    HAL_RCC_OscConfig                        0x08001c75   Thumb Code   778  stm32f1xx_hal_rcc.o(i.HAL_RCC_OscConfig)
    HAL_SYSTICK_Config                       0x08001f95   Thumb Code    40  stm32f1xx_hal_cortex.o(i.HAL_SYSTICK_Config)
    HAL_TIMEx_BreakCallback                  0x08001fbd   Thumb Code     2  stm32f1xx_hal_tim_ex.o(i.HAL_TIMEx_BreakCallback)
    HAL_TIMEx_CommutCallback                 0x08001fbf   Thumb Code     2  stm32f1xx_hal_tim_ex.o(i.HAL_TIMEx_CommutCallback)
    HAL_TIMEx_MasterConfigSynchronization    0x08001fc1   Thumb Code    92  stm32f1xx_hal_tim_ex.o(i.HAL_TIMEx_MasterConfigSynchronization)
    HAL_TIM_Base_Init                        0x08002029   Thumb Code    90  stm32f1xx_hal_tim.o(i.HAL_TIM_Base_Init)
    HAL_TIM_Base_MspInit                     0x08002085   Thumb Code    86  stm32f1xx_hal_msp.o(i.HAL_TIM_Base_MspInit)
    HAL_TIM_Base_Start                       0x080020e9   Thumb Code    66  stm32f1xx_hal_tim.o(i.HAL_TIM_Base_Start)
    HAL_TIM_Base_Start_IT                    0x08002139   Thumb Code    76  stm32f1xx_hal_tim.o(i.HAL_TIM_Base_Start_IT)
    HAL_TIM_ConfigClockSource                0x08002191   Thumb Code   220  stm32f1xx_hal_tim.o(i.HAL_TIM_ConfigClockSource)
    HAL_TIM_IC_CaptureCallback               0x0800226d   Thumb Code     2  stm32f1xx_hal_tim.o(i.HAL_TIM_IC_CaptureCallback)
    HAL_TIM_IRQHandler                       0x0800226f   Thumb Code   358  stm32f1xx_hal_tim.o(i.HAL_TIM_IRQHandler)
    HAL_TIM_MspPostInit                      0x080023d5   Thumb Code    62  stm32f1xx_hal_msp.o(i.HAL_TIM_MspPostInit)
    HAL_TIM_OC_DelayElapsedCallback          0x0800241d   Thumb Code     2  stm32f1xx_hal_tim.o(i.HAL_TIM_OC_DelayElapsedCallback)
    HAL_TIM_PWM_ConfigChannel                0x0800241f   Thumb Code   204  stm32f1xx_hal_tim.o(i.HAL_TIM_PWM_ConfigChannel)
    HAL_TIM_PWM_Init                         0x080024eb   Thumb Code    90  stm32f1xx_hal_tim.o(i.HAL_TIM_PWM_Init)
    HAL_TIM_PWM_MspInit                      0x08002545   Thumb Code    30  stm32f1xx_hal_msp.o(i.HAL_TIM_PWM_MspInit)
    HAL_TIM_PWM_PulseFinishedCallback        0x08002569   Thumb Code     2  stm32f1xx_hal_tim.o(i.HAL_TIM_PWM_PulseFinishedCallback)
    HAL_TIM_PWM_Start                        0x0800256d   Thumb Code   144  stm32f1xx_hal_tim.o(i.HAL_TIM_PWM_Start)
    HAL_TIM_PeriodElapsedCallback            0x08002609   Thumb Code     2  stm32f1xx_hal_tim.o(i.HAL_TIM_PeriodElapsedCallback)
    HAL_TIM_TriggerCallback                  0x0800260b   Thumb Code     2  stm32f1xx_hal_tim.o(i.HAL_TIM_TriggerCallback)
    HardFault_Handler                        0x0800260d   Thumb Code     2  stm32f1xx_it.o(i.HardFault_Handler)
    MemManage_Handler                        0x08002a69   Thumb Code     2  stm32f1xx_it.o(i.MemManage_Handler)
    NMI_Handler                              0x08002a6b   Thumb Code     2  stm32f1xx_it.o(i.NMI_Handler)
    PendSV_Handler                           0x08002a6d   Thumb Code     2  stm32f1xx_it.o(i.PendSV_Handler)
    SVC_Handler                              0x08002a6f   Thumb Code     2  stm32f1xx_it.o(i.SVC_Handler)
    SysTick_Handler                          0x08002a71   Thumb Code     4  stm32f1xx_it.o(i.SysTick_Handler)
    SystemClock_Config                       0x08002a75   Thumb Code    78  main.o(i.SystemClock_Config)
    SystemInit                               0x08002ac3   Thumb Code     2  system_stm32f1xx.o(i.SystemInit)
    TIM1_UP_IRQHandler                       0x08002ac5   Thumb Code    22  stm32f1xx_it.o(i.TIM1_UP_IRQHandler)
    TIM3_IRQHandler                          0x08002ae5   Thumb Code   150  main.o(i.TIM3_IRQHandler)
    TIM_Base_SetConfig                       0x08002b85   Thumb Code    94  stm32f1xx_hal_tim.o(i.TIM_Base_SetConfig)
    TIM_CCxChannelCmd                        0x08002bf1   Thumb Code    26  stm32f1xx_hal_tim.o(i.TIM_CCxChannelCmd)
    TIM_ETR_SetConfig                        0x08002c0b   Thumb Code    20  stm32f1xx_hal_tim.o(i.TIM_ETR_SetConfig)
    TIM_OC2_SetConfig                        0x08002c81   Thumb Code    84  stm32f1xx_hal_tim.o(i.TIM_OC2_SetConfig)
    UsageFault_Handler                       0x08002dbb   Thumb Code     2  stm32f1xx_it.o(i.UsageFault_Handler)
    __ARM_fpclassify                         0x08002dbd   Thumb Code    40  fpclassify.o(i.__ARM_fpclassify)
    _is_digit                                0x08002e05   Thumb Code    14  __printf_wp.o(i._is_digit)
    lcd_clear                                0x08002e13   Thumb Code    24  i2c-lcd.o(i.lcd_clear)
    lcd_init                                 0x08002e2b   Thumb Code   120  i2c-lcd.o(i.lcd_init)
    lcd_put_cur                              0x08002ea3   Thumb Code    24  i2c-lcd.o(i.lcd_put_cur)
    lcd_send_cmd                             0x08002ebd   Thumb Code    58  i2c-lcd.o(i.lcd_send_cmd)
    lcd_send_data                            0x08002efd   Thumb Code    58  i2c-lcd.o(i.lcd_send_data)
    lcd_send_string                          0x08002f3d   Thumb Code    20  i2c-lcd.o(i.lcd_send_string)
    main                                     0x08002f51   Thumb Code   218  main.o(i.main)
    microDelay                               0x08003061   Thumb Code    18  main.o(i.microDelay)
    _get_lc_numeric                          0x08003079   Thumb Code    44  lc_numeric_c.o(locale$$code)
    __fpl_dretinf                            0x080030a5   Thumb Code    12  dretinf.o(x$fpl$dretinf)
    __aeabi_f2d                              0x080030b1   Thumb Code     0  f2d.o(x$fpl$f2d)
    _f2d                                     0x080030b1   Thumb Code    86  f2d.o(x$fpl$f2d)
    __aeabi_fadd                             0x08003109   Thumb Code     0  faddsub_clz.o(x$fpl$fadd)
    _fadd                                    0x08003109   Thumb Code   196  faddsub_clz.o(x$fpl$fadd)
    __aeabi_fdiv                             0x080031cd   Thumb Code     0  fdiv.o(x$fpl$fdiv)
    _fdiv                                    0x080031cd   Thumb Code   384  fdiv.o(x$fpl$fdiv)
    __aeabi_f2iz                             0x08003351   Thumb Code     0  ffix.o(x$fpl$ffix)
    _ffix                                    0x08003351   Thumb Code    54  ffix.o(x$fpl$ffix)
    __aeabi_ui2f                             0x08003389   Thumb Code     0  fflt_clz.o(x$fpl$ffltu)
    _ffltu                                   0x08003389   Thumb Code    38  fflt_clz.o(x$fpl$ffltu)
    __aeabi_fmul                             0x080033b1   Thumb Code     0  fmul.o(x$fpl$fmul)
    _fmul                                    0x080033b1   Thumb Code   258  fmul.o(x$fpl$fmul)
    __fpl_fnaninf                            0x080034b3   Thumb Code   140  fnaninf.o(x$fpl$fnaninf)
    __fpl_fretinf                            0x0800353f   Thumb Code    10  fretinf.o(x$fpl$fretinf)
    __aeabi_fsub                             0x08003549   Thumb Code     0  faddsub_clz.o(x$fpl$fsub)
    _fsub                                    0x08003549   Thumb Code   234  faddsub_clz.o(x$fpl$fsub)
    _printf_fp_dec                           0x08003633   Thumb Code     4  printf1.o(x$fpl$printf1)
    __I$use$fp                               0x08003636   Number         0  usenofp.o(x$fpl$usenofp)
    AHBPrescTable                            0x08003648   Data          16  system_stm32f1xx.o(.constdata)
    APBPrescTable                            0x08003658   Data           8  system_stm32f1xx.o(.constdata)
    Region$$Table$$Base                      0x080036f4   Number         0  anon$$obj.o(Region$$Table)
    Region$$Table$$Limit                     0x08003714   Number         0  anon$$obj.o(Region$$Table)
    RH1                                      0x20000000   Data           1  main.o(.data)
    RH2                                      0x20000001   Data           1  main.o(.data)
    TC1                                      0x20000002   Data           1  main.o(.data)
    TC2                                      0x20000003   Data           1  main.o(.data)
    SUM                                      0x20000004   Data           1  main.o(.data)
    CHECK                                    0x20000005   Data           1  main.o(.data)
    nhietdo                                  0x20000008   Data           4  main.o(.data)
    RH                                       0x2000000c   Data           4  main.o(.data)
    output                                   0x20000010   Data           4  main.o(.data)
    error                                    0x20000014   Data           4  main.o(.data)
    error_truoc                              0x20000018   Data           4  main.o(.data)
    setpoint                                 0x20000024   Data           4  main.o(.data)
    Kp                                       0x20000028   Data           4  main.o(.data)
    Ki                                       0x2000002c   Data           4  main.o(.data)
    Kd                                       0x20000030   Data           4  main.o(.data)
    Delta_t                                  0x20000034   Data           4  main.o(.data)
    pMillis                                  0x2000003c   Data           4  main.o(.data)
    cMillis                                  0x20000040   Data           4  main.o(.data)
    P                                        0x20000044   Data           4  main.o(.data)
    interaltruoc                             0x20000048   Data           4  main.o(.data)
    uwTickFreq                               0x2000004c   Data           1  stm32f1xx_hal.o(.data)
    uwTickPrio                               0x20000050   Data           4  stm32f1xx_hal.o(.data)
    uwTick                                   0x20000054   Data           4  stm32f1xx_hal.o(.data)
    SystemCoreClock                          0x20000058   Data           4  system_stm32f1xx.o(.data)
    hi2c1                                    0x2000005c   Data          84  main.o(.bss)
    htim1                                    0x200000b0   Data          72  main.o(.bss)
    htim2                                    0x200000f8   Data          72  main.o(.bss)
    htim3                                    0x20000140   Data          72  main.o(.bss)
    __libspace_start                         0x20000188   Data          96  libspace.o(.bss)
    __temporary_stack_top$libspace           0x200001e8   Data           0  libspace.o(.bss)



==============================================================================

Memory Map of the image

  Image Entry point : 0x080000ed

  Load Region LR_IROM1 (Base: 0x08000000, Size: 0x0000378c, Max: 0x00010000, ABSOLUTE)

    Execution Region ER_IROM1 (Exec base: 0x08000000, Load base: 0x08000000, Size: 0x00003730, Max: 0x00010000, ABSOLUTE)

    Exec Addr    Load Addr    Size         Type   Attr      Idx    E Section Name        Object

    0x08000000   0x08000000   0x000000ec   Data   RO            3    RESET               startup_stm32f103xb.o
    0x080000ec   0x080000ec   0x00000008   Code   RO         2913  * !!!main             c_w.l(__main.o)
    0x080000f4   0x080000f4   0x00000034   Code   RO         3155    !!!scatter          c_w.l(__scatter.o)
    0x08000128   0x08000128   0x0000001a   Code   RO         3157    !!handler_copy      c_w.l(__scatter_copy.o)
    0x08000142   0x08000142   0x00000002   PAD
    0x08000144   0x08000144   0x0000001c   Code   RO         3159    !!handler_zi        c_w.l(__scatter_zi.o)
    0x08000160   0x08000160   0x00000000   Code   RO         2908    .ARM.Collect$$_printf_percent$$00000000  c_w.l(_printf_percent.o)
    0x08000160   0x08000160   0x00000006   Code   RO         2907    .ARM.Collect$$_printf_percent$$00000003  c_w.l(_printf_f.o)
    0x08000166   0x08000166   0x00000004   Code   RO         2948    .ARM.Collect$$_printf_percent$$00000017  c_w.l(_printf_percent_end.o)
    0x0800016a   0x0800016a   0x00000002   Code   RO         3028    .ARM.Collect$$libinit$$00000000  c_w.l(libinit.o)
    0x0800016c   0x0800016c   0x00000000   Code   RO         3030    .ARM.Collect$$libinit$$00000002  c_w.l(libinit2.o)
    0x0800016c   0x0800016c   0x00000000   Code   RO         3032    .ARM.Collect$$libinit$$00000004  c_w.l(libinit2.o)
    0x0800016c   0x0800016c   0x00000000   Code   RO         3035    .ARM.Collect$$libinit$$0000000A  c_w.l(libinit2.o)
    0x0800016c   0x0800016c   0x00000000   Code   RO         3037    .ARM.Collect$$libinit$$0000000C  c_w.l(libinit2.o)
    0x0800016c   0x0800016c   0x00000000   Code   RO         3039    .ARM.Collect$$libinit$$0000000E  c_w.l(libinit2.o)
    0x0800016c   0x0800016c   0x00000006   Code   RO         3040    .ARM.Collect$$libinit$$0000000F  c_w.l(libinit2.o)
    0x08000172   0x08000172   0x00000000   Code   RO         3042    .ARM.Collect$$libinit$$00000011  c_w.l(libinit2.o)
    0x08000172   0x08000172   0x00000000   Code   RO         3044    .ARM.Collect$$libinit$$00000013  c_w.l(libinit2.o)
    0x08000172   0x08000172   0x00000000   Code   RO         3046    .ARM.Collect$$libinit$$00000015  c_w.l(libinit2.o)
    0x08000172   0x08000172   0x0000000a   Code   RO         3047    .ARM.Collect$$libinit$$00000016  c_w.l(libinit2.o)
    0x0800017c   0x0800017c   0x00000000   Code   RO         3048    .ARM.Collect$$libinit$$00000017  c_w.l(libinit2.o)
    0x0800017c   0x0800017c   0x00000000   Code   RO         3050    .ARM.Collect$$libinit$$00000019  c_w.l(libinit2.o)
    0x0800017c   0x0800017c   0x00000000   Code   RO         3052    .ARM.Collect$$libinit$$0000001B  c_w.l(libinit2.o)
    0x0800017c   0x0800017c   0x00000000   Code   RO         3054    .ARM.Collect$$libinit$$0000001D  c_w.l(libinit2.o)
    0x0800017c   0x0800017c   0x00000000   Code   RO         3056    .ARM.Collect$$libinit$$0000001F  c_w.l(libinit2.o)
    0x0800017c   0x0800017c   0x00000000   Code   RO         3058    .ARM.Collect$$libinit$$00000021  c_w.l(libinit2.o)
    0x0800017c   0x0800017c   0x00000000   Code   RO         3060    .ARM.Collect$$libinit$$00000023  c_w.l(libinit2.o)
    0x0800017c   0x0800017c   0x00000000   Code   RO         3062    .ARM.Collect$$libinit$$00000025  c_w.l(libinit2.o)
    0x0800017c   0x0800017c   0x00000000   Code   RO         3066    .ARM.Collect$$libinit$$0000002C  c_w.l(libinit2.o)
    0x0800017c   0x0800017c   0x00000000   Code   RO         3068    .ARM.Collect$$libinit$$0000002E  c_w.l(libinit2.o)
    0x0800017c   0x0800017c   0x00000000   Code   RO         3070    .ARM.Collect$$libinit$$00000030  c_w.l(libinit2.o)
    0x0800017c   0x0800017c   0x00000000   Code   RO         3072    .ARM.Collect$$libinit$$00000032  c_w.l(libinit2.o)
    0x0800017c   0x0800017c   0x00000002   Code   RO         3073    .ARM.Collect$$libinit$$00000033  c_w.l(libinit2.o)
    0x0800017e   0x0800017e   0x00000002   Code   RO         3103    .ARM.Collect$$libshutdown$$00000000  c_w.l(libshutdown.o)
    0x08000180   0x08000180   0x00000000   Code   RO         3114    .ARM.Collect$$libshutdown$$00000002  c_w.l(libshutdown2.o)
    0x08000180   0x08000180   0x00000000   Code   RO         3116    .ARM.Collect$$libshutdown$$00000004  c_w.l(libshutdown2.o)
    0x08000180   0x08000180   0x00000000   Code   RO         3119    .ARM.Collect$$libshutdown$$00000007  c_w.l(libshutdown2.o)
    0x08000180   0x08000180   0x00000000   Code   RO         3122    .ARM.Collect$$libshutdown$$0000000A  c_w.l(libshutdown2.o)
    0x08000180   0x08000180   0x00000000   Code   RO         3124    .ARM.Collect$$libshutdown$$0000000C  c_w.l(libshutdown2.o)
    0x08000180   0x08000180   0x00000000   Code   RO         3127    .ARM.Collect$$libshutdown$$0000000F  c_w.l(libshutdown2.o)
    0x08000180   0x08000180   0x00000002   Code   RO         3128    .ARM.Collect$$libshutdown$$00000010  c_w.l(libshutdown2.o)
    0x08000182   0x08000182   0x00000000   Code   RO         2941    .ARM.Collect$$rtentry$$00000000  c_w.l(__rtentry.o)
    0x08000182   0x08000182   0x00000000   Code   RO         2957    .ARM.Collect$$rtentry$$00000002  c_w.l(__rtentry2.o)
    0x08000182   0x08000182   0x00000006   Code   RO         2969    .ARM.Collect$$rtentry$$00000004  c_w.l(__rtentry4.o)
    0x08000188   0x08000188   0x00000000   Code   RO         2959    .ARM.Collect$$rtentry$$00000009  c_w.l(__rtentry2.o)
    0x08000188   0x08000188   0x00000004   Code   RO         2960    .ARM.Collect$$rtentry$$0000000A  c_w.l(__rtentry2.o)
    0x0800018c   0x0800018c   0x00000000   Code   RO         2962    .ARM.Collect$$rtentry$$0000000C  c_w.l(__rtentry2.o)
    0x0800018c   0x0800018c   0x00000008   Code   RO         2963    .ARM.Collect$$rtentry$$0000000D  c_w.l(__rtentry2.o)
    0x08000194   0x08000194   0x00000002   Code   RO         3074    .ARM.Collect$$rtexit$$00000000  c_w.l(rtexit.o)
    0x08000196   0x08000196   0x00000000   Code   RO         3081    .ARM.Collect$$rtexit$$00000002  c_w.l(rtexit2.o)
    0x08000196   0x08000196   0x00000004   Code   RO         3082    .ARM.Collect$$rtexit$$00000003  c_w.l(rtexit2.o)
    0x0800019a   0x0800019a   0x00000006   Code   RO         3083    .ARM.Collect$$rtexit$$00000004  c_w.l(rtexit2.o)
    0x080001a0   0x080001a0   0x00000040   Code   RO            4    .text               startup_stm32f103xb.o
    0x080001e0   0x080001e0   0x00000028   Code   RO         2883    .text               c_w.l(noretval__2sprintf.o)
    0x08000208   0x08000208   0x0000010e   Code   RO         2895    .text               c_w.l(__printf_wp.o)
    0x08000316   0x08000316   0x0000004e   Code   RO         2909    .text               c_w.l(rt_memclr_w.o)
    0x08000364   0x08000364   0x00000006   Code   RO         2911    .text               c_w.l(heapauxi.o)
    0x0800036a   0x0800036a   0x0000041e   Code   RO         2942    .text               c_w.l(_printf_fp_dec.o)
    0x08000788   0x08000788   0x00000030   Code   RO         2944    .text               c_w.l(_printf_char_common.o)
    0x080007b8   0x080007b8   0x0000000a   Code   RO         2946    .text               c_w.l(_sputc.o)
    0x080007c2   0x080007c2   0x00000002   PAD
    0x080007c4   0x080007c4   0x00000008   Code   RO         2974    .text               c_w.l(rt_locale_intlibspace.o)
    0x080007cc   0x080007cc   0x0000008a   Code   RO         2976    .text               c_w.l(lludiv10.o)
    0x08000856   0x08000856   0x00000002   PAD
    0x08000858   0x08000858   0x00000080   Code   RO         2978    .text               c_w.l(_printf_fp_infnan.o)
    0x080008d8   0x080008d8   0x000000e4   Code   RO         2982    .text               c_w.l(bigflt0.o)
    0x080009bc   0x080009bc   0x00000008   Code   RO         3014    .text               c_w.l(libspace.o)
    0x080009c4   0x080009c4   0x0000004a   Code   RO         3017    .text               c_w.l(sys_stackheap_outer.o)
    0x08000a0e   0x08000a0e   0x00000012   Code   RO         3019    .text               c_w.l(exit.o)
    0x08000a20   0x08000a20   0x00000080   Code   RO         3021    .text               c_w.l(strcmpv7m.o)
    0x08000aa0   0x08000aa0   0x0000000c   Code   RO         3093    .text               c_w.l(sys_exit.o)
    0x08000aac   0x08000aac   0x00000002   Code   RO         3104    .text               c_w.l(use_no_semi.o)
    0x08000aae   0x08000aae   0x00000000   Code   RO         3106    .text               c_w.l(indicate_semi.o)
    0x08000aae   0x08000aae   0x0000003e   Code   RO         2985    CL$$btod_d2e        c_w.l(btod.o)
    0x08000aec   0x08000aec   0x00000046   Code   RO         2987    CL$$btod_d2e_denorm_low  c_w.l(btod.o)
    0x08000b32   0x08000b32   0x00000060   Code   RO         2986    CL$$btod_d2e_norm_op1  c_w.l(btod.o)
    0x08000b92   0x08000b92   0x00000338   Code   RO         2995    CL$$btod_div_common  c_w.l(btod.o)
    0x08000eca   0x08000eca   0x000000dc   Code   RO         2992    CL$$btod_e2e        c_w.l(btod.o)
    0x08000fa6   0x08000fa6   0x0000002a   Code   RO         2989    CL$$btod_ediv       c_w.l(btod.o)
    0x08000fd0   0x08000fd0   0x0000002a   Code   RO         2988    CL$$btod_emul       c_w.l(btod.o)
    0x08000ffa   0x08000ffa   0x00000244   Code   RO         2994    CL$$btod_mult_common  c_w.l(btod.o)
    0x0800123e   0x0800123e   0x00000002   Code   RO          259    i.BusFault_Handler  stm32f1xx_it.o
    0x08001240   0x08001240   0x00000084   Code   RO          156    i.DHT22             main.o
    0x080012c4   0x080012c4   0x0000009c   Code   RO          157    i.DHT22_Read        main.o
    0x08001360   0x08001360   0x000000a8   Code   RO          158    i.DHT22_Start       main.o
    0x08001408   0x08001408   0x00000002   Code   RO          260    i.DebugMon_Handler  stm32f1xx_it.o
    0x0800140a   0x0800140a   0x00000008   Code   RO          261    i.EXTI15_10_IRQHandler  stm32f1xx_it.o
    0x08001412   0x08001412   0x00000006   Code   RO          262    i.EXTI9_5_IRQHandler  stm32f1xx_it.o
    0x08001418   0x08001418   0x00000024   Code   RO          899    i.HAL_Delay         stm32f1xx_hal.o
    0x0800143c   0x0800143c   0x00000038   Code   RO          160    i.HAL_GPIO_EXTI_Callback  main.o
    0x08001474   0x08001474   0x00000018   Code   RO         1208    i.HAL_GPIO_EXTI_IRQHandler  stm32f1xx_hal_gpio.o
    0x0800148c   0x0800148c   0x000001e0   Code   RO         1209    i.HAL_GPIO_Init     stm32f1xx_hal_gpio.o
    0x0800166c   0x0800166c   0x0000000a   Code   RO         1211    i.HAL_GPIO_ReadPin  stm32f1xx_hal_gpio.o
    0x08001676   0x08001676   0x00000010   Code   RO         1212    i.HAL_GPIO_TogglePin  stm32f1xx_hal_gpio.o
    0x08001686   0x08001686   0x0000000a   Code   RO         1213    i.HAL_GPIO_WritePin  stm32f1xx_hal_gpio.o
    0x08001690   0x08001690   0x0000000c   Code   RO          903    i.HAL_GetTick       stm32f1xx_hal.o
    0x0800169c   0x0800169c   0x00000188   Code   RO          466    i.HAL_I2C_Init      stm32f1xx_hal_i2c.o
    0x08001824   0x08001824   0x0000012c   Code   RO          479    i.HAL_I2C_Master_Transmit  stm32f1xx_hal_i2c.o
    0x08001950   0x08001950   0x0000005c   Code   RO          354    i.HAL_I2C_MspInit   stm32f1xx_hal_msp.o
    0x080019ac   0x080019ac   0x00000010   Code   RO          909    i.HAL_IncTick       stm32f1xx_hal.o
    0x080019bc   0x080019bc   0x00000024   Code   RO          910    i.HAL_Init          stm32f1xx_hal.o
    0x080019e0   0x080019e0   0x00000040   Code   RO          911    i.HAL_InitTick      stm32f1xx_hal.o
    0x08001a20   0x08001a20   0x0000003c   Code   RO          355    i.HAL_MspInit       stm32f1xx_hal_msp.o
    0x08001a5c   0x08001a5c   0x0000001a   Code   RO         1369    i.HAL_NVIC_EnableIRQ  stm32f1xx_hal_cortex.o
    0x08001a76   0x08001a76   0x00000002   PAD
    0x08001a78   0x08001a78   0x00000040   Code   RO         1375    i.HAL_NVIC_SetPriority  stm32f1xx_hal_cortex.o
    0x08001ab8   0x08001ab8   0x00000024   Code   RO         1376    i.HAL_NVIC_SetPriorityGrouping  stm32f1xx_hal_cortex.o
    0x08001adc   0x08001adc   0x0000012c   Code   RO         1067    i.HAL_RCC_ClockConfig  stm32f1xx_hal_rcc.o
    0x08001c08   0x08001c08   0x00000020   Code   RO         1074    i.HAL_RCC_GetPCLK1Freq  stm32f1xx_hal_rcc.o
    0x08001c28   0x08001c28   0x0000004c   Code   RO         1076    i.HAL_RCC_GetSysClockFreq  stm32f1xx_hal_rcc.o
    0x08001c74   0x08001c74   0x00000320   Code   RO         1079    i.HAL_RCC_OscConfig  stm32f1xx_hal_rcc.o
    0x08001f94   0x08001f94   0x00000028   Code   RO         1380    i.HAL_SYSTICK_Config  stm32f1xx_hal_cortex.o
    0x08001fbc   0x08001fbc   0x00000002   Code   RO         2575    i.HAL_TIMEx_BreakCallback  stm32f1xx_hal_tim_ex.o
    0x08001fbe   0x08001fbe   0x00000002   Code   RO         2576    i.HAL_TIMEx_CommutCallback  stm32f1xx_hal_tim_ex.o
    0x08001fc0   0x08001fc0   0x00000068   Code   RO         2594    i.HAL_TIMEx_MasterConfigSynchronization  stm32f1xx_hal_tim_ex.o
    0x08002028   0x08002028   0x0000005a   Code   RO         1871    i.HAL_TIM_Base_Init  stm32f1xx_hal_tim.o
    0x08002082   0x08002082   0x00000002   PAD
    0x08002084   0x08002084   0x00000064   Code   RO          357    i.HAL_TIM_Base_MspInit  stm32f1xx_hal_msp.o
    0x080020e8   0x080020e8   0x00000050   Code   RO         1874    i.HAL_TIM_Base_Start  stm32f1xx_hal_tim.o
    0x08002138   0x08002138   0x00000058   Code   RO         1876    i.HAL_TIM_Base_Start_IT  stm32f1xx_hal_tim.o
    0x08002190   0x08002190   0x000000dc   Code   RO         1880    i.HAL_TIM_ConfigClockSource  stm32f1xx_hal_tim.o
    0x0800226c   0x0800226c   0x00000002   Code   RO         1905    i.HAL_TIM_IC_CaptureCallback  stm32f1xx_hal_tim.o
    0x0800226e   0x0800226e   0x00000166   Code   RO         1919    i.HAL_TIM_IRQHandler  stm32f1xx_hal_tim.o
    0x080023d4   0x080023d4   0x00000048   Code   RO          358    i.HAL_TIM_MspPostInit  stm32f1xx_hal_msp.o
    0x0800241c   0x0800241c   0x00000002   Code   RO         1922    i.HAL_TIM_OC_DelayElapsedCallback  stm32f1xx_hal_tim.o
    0x0800241e   0x0800241e   0x000000cc   Code   RO         1943    i.HAL_TIM_PWM_ConfigChannel  stm32f1xx_hal_tim.o
    0x080024ea   0x080024ea   0x0000005a   Code   RO         1946    i.HAL_TIM_PWM_Init  stm32f1xx_hal_tim.o
    0x08002544   0x08002544   0x00000024   Code   RO          360    i.HAL_TIM_PWM_MspInit  stm32f1xx_hal_msp.o
    0x08002568   0x08002568   0x00000002   Code   RO         1949    i.HAL_TIM_PWM_PulseFinishedCallback  stm32f1xx_hal_tim.o
    0x0800256a   0x0800256a   0x00000002   PAD
    0x0800256c   0x0800256c   0x0000009c   Code   RO         1951    i.HAL_TIM_PWM_Start  stm32f1xx_hal_tim.o
    0x08002608   0x08002608   0x00000002   Code   RO         1957    i.HAL_TIM_PeriodElapsedCallback  stm32f1xx_hal_tim.o
    0x0800260a   0x0800260a   0x00000002   Code   RO         1962    i.HAL_TIM_TriggerCallback  stm32f1xx_hal_tim.o
    0x0800260c   0x0800260c   0x00000002   Code   RO          263    i.HardFault_Handler  stm32f1xx_it.o
    0x0800260e   0x0800260e   0x0000002e   Code   RO          509    i.I2C_IsAcknowledgeFailed  stm32f1xx_hal_i2c.o
    0x0800263c   0x0800263c   0x0000009c   Code   RO          513    i.I2C_MasterRequestWrite  stm32f1xx_hal_i2c.o
    0x080026d8   0x080026d8   0x00000056   Code   RO          524    i.I2C_WaitOnBTFFlagUntilTimeout  stm32f1xx_hal_i2c.o
    0x0800272e   0x0800272e   0x00000002   PAD
    0x08002730   0x08002730   0x00000090   Code   RO          525    i.I2C_WaitOnFlagUntilTimeout  stm32f1xx_hal_i2c.o
    0x080027c0   0x080027c0   0x000000bc   Code   RO          526    i.I2C_WaitOnMasterAddressFlagUntilTimeout  stm32f1xx_hal_i2c.o
    0x0800287c   0x0800287c   0x00000056   Code   RO          528    i.I2C_WaitOnTXEFlagUntilTimeout  stm32f1xx_hal_i2c.o
    0x080028d2   0x080028d2   0x00000002   PAD
    0x080028d4   0x080028d4   0x00000090   Code   RO          161    i.MX_GPIO_Init      main.o
    0x08002964   0x08002964   0x00000054   Code   RO          162    i.MX_TIM1_Init      main.o
    0x080029b8   0x080029b8   0x0000005c   Code   RO          163    i.MX_TIM2_Init      main.o
    0x08002a14   0x08002a14   0x00000054   Code   RO          164    i.MX_TIM3_Init      main.o
    0x08002a68   0x08002a68   0x00000002   Code   RO          264    i.MemManage_Handler  stm32f1xx_it.o
    0x08002a6a   0x08002a6a   0x00000002   Code   RO          265    i.NMI_Handler       stm32f1xx_it.o
    0x08002a6c   0x08002a6c   0x00000002   Code   RO          266    i.PendSV_Handler    stm32f1xx_it.o
    0x08002a6e   0x08002a6e   0x00000002   Code   RO          267    i.SVC_Handler       stm32f1xx_it.o
    0x08002a70   0x08002a70   0x00000004   Code   RO          268    i.SysTick_Handler   stm32f1xx_it.o
    0x08002a74   0x08002a74   0x0000004e   Code   RO          165    i.SystemClock_Config  main.o
    0x08002ac2   0x08002ac2   0x00000002   Code   RO         2843    i.SystemInit        system_stm32f1xx.o
    0x08002ac4   0x08002ac4   0x00000020   Code   RO          269    i.TIM1_UP_IRQHandler  stm32f1xx_it.o
    0x08002ae4   0x08002ae4   0x000000a0   Code   RO          166    i.TIM3_IRQHandler   main.o
    0x08002b84   0x08002b84   0x0000006c   Code   RO         1964    i.TIM_Base_SetConfig  stm32f1xx_hal_tim.o
    0x08002bf0   0x08002bf0   0x0000001a   Code   RO         1965    i.TIM_CCxChannelCmd  stm32f1xx_hal_tim.o
    0x08002c0a   0x08002c0a   0x00000014   Code   RO         1975    i.TIM_ETR_SetConfig  stm32f1xx_hal_tim.o
    0x08002c1e   0x08002c1e   0x00000010   Code   RO         1976    i.TIM_ITRx_SetConfig  stm32f1xx_hal_tim.o
    0x08002c2e   0x08002c2e   0x00000002   PAD
    0x08002c30   0x08002c30   0x00000050   Code   RO         1977    i.TIM_OC1_SetConfig  stm32f1xx_hal_tim.o
    0x08002c80   0x08002c80   0x00000058   Code   RO         1978    i.TIM_OC2_SetConfig  stm32f1xx_hal_tim.o
    0x08002cd8   0x08002cd8   0x00000058   Code   RO         1979    i.TIM_OC3_SetConfig  stm32f1xx_hal_tim.o
    0x08002d30   0x08002d30   0x00000044   Code   RO         1980    i.TIM_OC4_SetConfig  stm32f1xx_hal_tim.o
    0x08002d74   0x08002d74   0x00000022   Code   RO         1982    i.TIM_TI1_ConfigInputStage  stm32f1xx_hal_tim.o
    0x08002d96   0x08002d96   0x00000024   Code   RO         1984    i.TIM_TI2_ConfigInputStage  stm32f1xx_hal_tim.o
    0x08002dba   0x08002dba   0x00000002   Code   RO          270    i.UsageFault_Handler  stm32f1xx_it.o
    0x08002dbc   0x08002dbc   0x00000028   Code   RO         3012    i.__ARM_fpclassify  m_ws.l(fpclassify.o)
    0x08002de4   0x08002de4   0x00000020   Code   RO         1382    i.__NVIC_SetPriority  stm32f1xx_hal_cortex.o
    0x08002e04   0x08002e04   0x0000000e   Code   RO         2897    i._is_digit         c_w.l(__printf_wp.o)
    0x08002e12   0x08002e12   0x00000018   Code   RO           13    i.lcd_clear         i2c-lcd.o
    0x08002e2a   0x08002e2a   0x00000078   Code   RO           14    i.lcd_init          i2c-lcd.o
    0x08002ea2   0x08002ea2   0x00000018   Code   RO           15    i.lcd_put_cur       i2c-lcd.o
    0x08002eba   0x08002eba   0x00000002   PAD
    0x08002ebc   0x08002ebc   0x00000040   Code   RO           16    i.lcd_send_cmd      i2c-lcd.o
    0x08002efc   0x08002efc   0x00000040   Code   RO           17    i.lcd_send_data     i2c-lcd.o
    0x08002f3c   0x08002f3c   0x00000014   Code   RO           18    i.lcd_send_string   i2c-lcd.o
    0x08002f50   0x08002f50   0x00000110   Code   RO          167    i.main              main.o
    0x08003060   0x08003060   0x00000018   Code   RO          168    i.microDelay        main.o
    0x08003078   0x08003078   0x0000002c   Code   RO         3008    locale$$code        c_w.l(lc_numeric_c.o)
    0x080030a4   0x080030a4   0x0000000c   Code   RO         2949    x$fpl$dretinf       fz_ws.l(dretinf.o)
    0x080030b0   0x080030b0   0x00000056   Code   RO         2915    x$fpl$f2d           fz_ws.l(f2d.o)
    0x08003106   0x08003106   0x00000002   PAD
    0x08003108   0x08003108   0x000000c4   Code   RO         2917    x$fpl$fadd          fz_ws.l(faddsub_clz.o)
    0x080031cc   0x080031cc   0x00000184   Code   RO         2924    x$fpl$fdiv          fz_ws.l(fdiv.o)
    0x08003350   0x08003350   0x00000036   Code   RO         2927    x$fpl$ffix          fz_ws.l(ffix.o)
    0x08003386   0x08003386   0x00000002   PAD
    0x08003388   0x08003388   0x00000026   Code   RO         2931    x$fpl$ffltu         fz_ws.l(fflt_clz.o)
    0x080033ae   0x080033ae   0x00000002   PAD
    0x080033b0   0x080033b0   0x00000102   Code   RO         2937    x$fpl$fmul          fz_ws.l(fmul.o)
    0x080034b2   0x080034b2   0x0000008c   Code   RO         2951    x$fpl$fnaninf       fz_ws.l(fnaninf.o)
    0x0800353e   0x0800353e   0x0000000a   Code   RO         2953    x$fpl$fretinf       fz_ws.l(fretinf.o)
    0x08003548   0x08003548   0x000000ea   Code   RO         2919    x$fpl$fsub          fz_ws.l(faddsub_clz.o)
    0x08003632   0x08003632   0x00000004   Code   RO         2939    x$fpl$printf1       fz_ws.l(printf1.o)
    0x08003636   0x08003636   0x00000000   Code   RO         2955    x$fpl$usenofp       fz_ws.l(usenofp.o)
    0x08003636   0x08003636   0x00000012   Data   RO         1080    .constdata          stm32f1xx_hal_rcc.o
    0x08003648   0x08003648   0x00000010   Data   RO         2844    .constdata          system_stm32f1xx.o
    0x08003658   0x08003658   0x00000008   Data   RO         2845    .constdata          system_stm32f1xx.o
    0x08003660   0x08003660   0x00000094   Data   RO         2983    .constdata          c_w.l(bigflt0.o)
    0x080036f4   0x080036f4   0x00000020   Data   RO         3153    Region$$Table       anon$$obj.o
    0x08003714   0x08003714   0x0000001c   Data   RO         3007    locale$$data        c_w.l(lc_numeric_c.o)


    Execution Region RW_IRAM1 (Exec base: 0x20000000, Load base: 0x08003730, Size: 0x000007e8, Max: 0x00005000, ABSOLUTE)

    Exec Addr    Load Addr    Size         Type   Attr      Idx    E Section Name        Object

    0x20000000   0x08003730   0x0000004c   Data   RW          170    .data               main.o
    0x2000004c   0x0800377c   0x0000000c   Data   RW          917    .data               stm32f1xx_hal.o
    0x20000058   0x08003788   0x00000004   Data   RW         2846    .data               system_stm32f1xx.o
    0x2000005c        -       0x0000012c   Zero   RW          169    .bss                main.o
    0x20000188        -       0x00000060   Zero   RW         3015    .bss                c_w.l(libspace.o)
    0x200001e8        -       0x00000200   Zero   RW            2    HEAP                startup_stm32f103xb.o
    0x200003e8        -       0x00000400   Zero   RW            1    STACK               startup_stm32f103xb.o


==============================================================================

Image component sizes


      Code (inc. data)   RO Data    RW Data    ZI Data      Debug   Object Name

       316         12          0          0          0     427766   i2c-lcd.o
      1450        146          0         76        300       8330   main.o
        64         26        236          0       1536        788   startup_stm32f103xb.o
       164         28          0         12          0       5717   stm32f1xx_hal.o
       198         14          0          0          0      28803   stm32f1xx_hal_cortex.o
       540         40          0          0          0       4583   stm32f1xx_hal_gpio.o
      1398         32          0          0          0       8909   stm32f1xx_hal_i2c.o
       360         50          0          0          0       3287   stm32f1xx_hal_msp.o
      1208         72         18          0          0       4433   stm32f1xx_hal_rcc.o
      1860         72          0          0          0      16129   stm32f1xx_hal_tim.o
       108         12          0          0          0       2309   stm32f1xx_hal_tim_ex.o
        66         10          0          0          0       4955   stm32f1xx_it.o
         2          0         24          4          0       1047   system_stm32f1xx.o

    ----------------------------------------------------------------------
      7748        514        310         92       1836     517056   Object Totals
         0          0         32          0          0          0   (incl. Generated)
        14          0          0          0          0          0   (incl. Padding)

    ----------------------------------------------------------------------

      Code (inc. data)   RO Data    RW Data    ZI Data      Debug   Library Member Name

         8          0          0          0          0         68   __main.o
       284          0          0          0          0        156   __printf_wp.o
         0          0          0          0          0          0   __rtentry.o
        12          0          0          0          0          0   __rtentry2.o
         6          0          0          0          0          0   __rtentry4.o
        52          8          0          0          0          0   __scatter.o
        26          0          0          0          0          0   __scatter_copy.o
        28          0          0          0          0          0   __scatter_zi.o
        48          6          0          0          0         96   _printf_char_common.o
         6          0          0          0          0          0   _printf_f.o
      1054          0          0          0          0        216   _printf_fp_dec.o
       128         16          0          0          0         84   _printf_fp_infnan.o
         0          0          0          0          0          0   _printf_percent.o
         4          0          0          0          0          0   _printf_percent_end.o
        10          0          0          0          0         68   _sputc.o
       228          4        148          0          0         96   bigflt0.o
      1936        128          0          0          0        672   btod.o
        18          0          0          0          0         80   exit.o
         6          0          0          0          0        152   heapauxi.o
         0          0          0          0          0          0   indicate_semi.o
        44         10         28          0          0         76   lc_numeric_c.o
         2          0          0          0          0          0   libinit.o
        18          0          0          0          0          0   libinit2.o
         2          0          0          0          0          0   libshutdown.o
         2          0          0          0          0          0   libshutdown2.o
         8          4          0          0         96         68   libspace.o
       138          0          0          0          0         80   lludiv10.o
        40          6          0          0          0         84   noretval__2sprintf.o
         8          4          0          0          0         68   rt_locale_intlibspace.o
        78          0          0          0          0         80   rt_memclr_w.o
         2          0          0          0          0          0   rtexit.o
        10          0          0          0          0          0   rtexit2.o
       128          0          0          0          0         68   strcmpv7m.o
        12          4          0          0          0         68   sys_exit.o
        74          0          0          0          0         80   sys_stackheap_outer.o
         2          0          0          0          0         68   use_no_semi.o
        12          0          0          0          0         68   dretinf.o
        86          4          0          0          0         84   f2d.o
       430          8          0          0          0        168   faddsub_clz.o
       388         76          0          0          0         96   fdiv.o
        54          4          0          0          0         84   ffix.o
        38          0          0          0          0         68   fflt_clz.o
       258          4          0          0          0         84   fmul.o
       140          4          0          0          0         84   fnaninf.o
        10          0          0          0          0         68   fretinf.o
         4          0          0          0          0         68   printf1.o
         0          0          0          0          0          0   usenofp.o
        40          0          0          0          0         68   fpclassify.o

    ----------------------------------------------------------------------
      5894        290        176          0         96       3368   Library Totals
        12          0          0          0          0          0   (incl. Padding)

    ----------------------------------------------------------------------

      Code (inc. data)   RO Data    RW Data    ZI Data      Debug   Library Name

      4422        190        176          0         96       2428   c_w.l
      1420        100          0          0          0        872   fz_ws.l
        40          0          0          0          0         68   m_ws.l

    ----------------------------------------------------------------------
      5894        290        176          0         96       3368   Library Totals

    ----------------------------------------------------------------------

==============================================================================


      Code (inc. data)   RO Data    RW Data    ZI Data      Debug   

     13642        804        486         92       1932     514128   Grand Totals
     13642        804        486         92       1932     514128   ELF Image Totals
     13642        804        486         92          0          0   ROM Totals

==============================================================================

    Total RO  Size (Code + RO Data)                14128 (  13.80kB)
    Total RW  Size (RW Data + ZI Data)              2024 (   1.98kB)
    Total ROM Size (Code + RO Data + RW Data)      14220 (  13.89kB)

==============================================================================

